******************************************************************************
                  TI ARM Linker PC v16.9.0                     
******************************************************************************
>> Linked Sun Feb 19 02:15:14 2017

OUTPUT FILE NAME:   <ProjectZeroApp_CC2650LAUNCHXL.out>
ENTRY POINT SYMBOL: "ResetISR"  address: 00008535


MEMORY CONFIGURATION

         name            origin    length      used     unused   attr    fill
----------------------  --------  ---------  --------  --------  ----  --------
  FLASH                 00000000   0000dfff  0000c238  00001dc7  R  X
  FLASH_LAST_PAGE       0001f000   00001000  00000058  00000fa8  R  X
  SRAM                  20000000   000043e7  000031e2  00001205  RW X


SEGMENT ALLOCATION MAP

run origin  load origin   length   init length attrs members
----------  ----------- ---------- ----------- ----- -------
00000000    00000000    0000c240   0000c240    r-x
  00000000    00000000    0000003c   0000003c    r-- .resetVecs
  0000003c    0000003c    000000c4   000000c4    r-x .text.1
  00000100    00000100    0000003c   0000003c    r-- .const:ti_sysbios_knl_Task_Object__PARAMS__C
  0000013c    0000013c    00000034   00000034    r-- .const:ti_sysbios_knl_Mailbox_Object__PARAMS__C
  00000170    00000170    00000030   00000030    r-- .const:ti_sysbios_family_arm_m3_Hwi_Object__PARAMS__C
  000001a0    000001a0    0000002c   0000002c    r-- .const:ti_sysbios_hal_Hwi_Object__PARAMS__C
  000001cc    000001cc    00000028   00000028    r-- .const:ti_sysbios_heaps_HeapMem_Module__FXNS__C
  000001f4    000001f4    00000028   00000028    r-- .const:ti_sysbios_knl_Swi_Object__PARAMS__C
  0000021c    0000021c    00000024   00000024    r-- .const:ti_sysbios_gates_GateHwi_Module__FXNS__C
  00000240    00000240    00000024   00000024    r-- .const:ti_sysbios_gates_GateMutex_Module__FXNS__C
  00000264    00000264    00000024   00000024    r-- .const:ti_sysbios_heaps_HeapMem_Object__PARAMS__C
  00000288    00000288    00000024   00000024    r-- .const:ti_sysbios_knl_Clock_Object__PARAMS__C
  000002ac    000002ac    00000024   00000024    r-- .const:ti_sysbios_knl_Semaphore_Object__PARAMS__C
  000002d0    000002d0    00000020   00000020    r-- .const:ti_sysbios_family_arm_m3_Hwi_Object__DESC__C
  000002f0    000002f0    00000020   00000020    r-- .const:ti_sysbios_gates_GateHwi_Object__DESC__C
  00000310    00000310    00000020   00000020    r-- .const:ti_sysbios_gates_GateMutex_Object__DESC__C
  00000330    00000330    00000020   00000020    r-- .const:ti_sysbios_hal_Hwi_Object__DESC__C
  00000350    00000350    00000020   00000020    r-- .const:ti_sysbios_heaps_HeapMem_Object__DESC__C
  00000370    00000370    00000020   00000020    r-- .const:ti_sysbios_knl_Clock_Object__DESC__C
  00000390    00000390    00000020   00000020    r-- .const:ti_sysbios_knl_Mailbox_Object__DESC__C
  000003b0    000003b0    00000020   00000020    r-- .const:ti_sysbios_knl_Queue_Object__DESC__C
  000003d0    000003d0    00000020   00000020    r-- .const:ti_sysbios_knl_Semaphore_Object__DESC__C
  000003f0    000003f0    00000020   00000020    r-- .const:ti_sysbios_knl_Swi_Object__DESC__C
  00000410    00000410    00000020   00000020    r-- .const:ti_sysbios_knl_Task_Object__DESC__C
  00000430    00000430    00000018   00000018    r-- .const:ti_sysbios_gates_GateHwi_Object__PARAMS__C
  00000448    00000448    00000018   00000018    r-- .const:ti_sysbios_gates_GateMutex_Object__PARAMS__C
  00000460    00000460    00000018   00000018    r-- .const:ti_sysbios_knl_Queue_Object__PARAMS__C
  00000478    00000478    00000008   00000008    r-- .const:ti_sysbios_knl_Idle_funcList__C
  00000480    00000480    00000004   00000004    r-x .text.2
  00000484    00000484    00000004   00000004    r-- .const:ti_sysbios_family_arm_cc26xx_Timer_startupNeeded__C
  00000488    00000488    00000004   00000004    r-- .const:ti_sysbios_family_arm_m3_Hwi_E_alreadyDefined__C
  0000048c    0000048c    00000004   00000004    r-- .const:ti_sysbios_family_arm_m3_Hwi_E_hwiLimitExceeded__C
  00000490    00000490    00000004   00000004    r-- .const:ti_sysbios_family_arm_m3_Hwi_NUM_INTERRUPTS__C
  00000494    00000494    00000004   00000004    r-- .const:ti_sysbios_family_arm_m3_Hwi_Object__count__C
  00000498    00000498    00000004   00000004    r-- .const:ti_sysbios_family_arm_m3_Hwi_Object__table__C
  0000049c    0000049c    00000004   00000004    r-- .const:ti_sysbios_family_arm_m3_Hwi_ccr__C
  000004a0    000004a0    00000004   00000004    r-- .const:ti_sysbios_family_arm_m3_Hwi_excHandlerFunc__C
  000004a4    000004a4    00000004   00000004    r-- .const:ti_sysbios_family_arm_m3_Hwi_nullIsrFunc__C
  000004a8    000004a8    00000004   00000004    r-- .const:ti_sysbios_family_arm_m3_Hwi_numSparseInterrupts__C
  000004ac    000004ac    00000004   00000004    r-- .const:ti_sysbios_family_arm_m3_Hwi_priGroup__C
  000004b0    000004b0    00000004   00000004    r-- .const:ti_sysbios_family_arm_m3_TaskSupport_stackAlignment__C
  000004b4    000004b4    00000004   00000004    r-- .const:ti_sysbios_heaps_HeapMem_E_memory__C
  000004b8    000004b8    00000004   00000004    r-- .const:ti_sysbios_heaps_HeapMem_Module__gateObj__C
  000004bc    000004bc    00000004   00000004    r-- .const:ti_sysbios_heaps_HeapMem_Object__count__C
  000004c0    000004c0    00000004   00000004    r-- .const:ti_sysbios_heaps_HeapMem_Object__table__C
  000004c4    000004c4    00000004   00000004    r-- .const:ti_sysbios_heaps_HeapMem_reqAlign__C
  000004c8    000004c8    00000004   00000004    r-- .const:ti_sysbios_knl_Clock_serviceMargin__C
  000004cc    000004cc    00000004   00000004    r-- .const:ti_sysbios_knl_Mailbox_Object__count__C
  000004d0    000004d0    00000004   00000004    r-- .const:ti_sysbios_knl_Mailbox_Object__table__C
  000004d4    000004d4    00000004   00000004    r-- .const:ti_sysbios_knl_Queue_Object__count__C
  000004d8    000004d8    00000004   00000004    r-- .const:ti_sysbios_knl_Queue_Object__table__C
  000004dc    000004dc    00000004   00000004    r-- .const:ti_sysbios_knl_Swi_Object__count__C
  000004e0    000004e0    00000004   00000004    r-- .const:ti_sysbios_knl_Swi_Object__table__C
  000004e4    000004e4    00000004   00000004    r-- .const:ti_sysbios_knl_Swi_numPriorities__C
  000004e8    000004e8    00000004   00000004    r-- .const:ti_sysbios_knl_Task_Object__count__C
  000004ec    000004ec    00000004   00000004    r-- .const:ti_sysbios_knl_Task_Object__table__C
  000004f0    000004f0    00000004   00000004    r-- .const:ti_sysbios_knl_Task_allBlockedFunc__C
  000004f4    000004f4    00000004   00000004    r-- .const:ti_sysbios_knl_Task_defaultStackHeap__C
  000004f8    000004f8    00000004   00000004    r-- .const:ti_sysbios_knl_Task_defaultStackSize__C
  000004fc    000004fc    00000004   00000004    r-- .const:ti_sysbios_knl_Task_numConstructedTasks__C
  00000500    00000500    00000002   00000002    r-x .text.3
  00000502    00000502    00000002   00000002    r-- .const:ti_sysbios_family_arm_cc26xx_Timer_Module__id__C
  00000504    00000504    00000002   00000002    r-- .const:ti_sysbios_family_arm_cc26xx_TimestampProvider_useClockTimer__C
  00000506    00000506    00000002   00000002    r-- .const:ti_sysbios_family_arm_m3_Hwi_Module__id__C
  00000508    00000508    00000002   00000002    r-- .const:ti_sysbios_gates_GateHwi_Module__id__C
  0000050a    0000050a    00000002   00000002    r-- .const:ti_sysbios_gates_GateMutex_Module__id__C
  0000050c    0000050c    00000002   00000002    r-- .const:ti_sysbios_heaps_HeapMem_Module__id__C
  0000050e    0000050e    00000002   00000002    r-- .const:ti_sysbios_knl_Task_initStackFlag__C
  00000510    00000510    00000001   00000001    r-- .const:ti_sysbios_knl_Clock_tickMode__C
  00000514    00000514    00000008   00000008    r-- .const:xdc_runtime_Startup_firstFxns__C
  0000051c    0000051c    00000008   00000008    r-- .const:xdc_runtime_Startup_lastFxns__C
  00000524    00000524    00000004   00000004    r-- .const:xdc_runtime_Assert_E_assertFailed__C
  00000528    00000528    00000004   00000004    r-- .const:xdc_runtime_Error_E_memory__C
  0000052c    0000052c    00000004   00000004    r-- .const:xdc_runtime_Error_policyFxn__C
  00000530    00000530    00000004   00000004    r-- .const:xdc_runtime_IGateProvider_Interface__BASE__C
  00000534    00000534    00000004   00000004    r-- .const:xdc_runtime_IHeap_Interface__BASE__C
  00000538    00000538    00000004   00000004    r-- .const:xdc_runtime_IModule_Interface__BASE__C
  0000053c    0000053c    00000004   00000004    r-- .const:xdc_runtime_Main_Module__diagsEnabled__C
  00000540    00000540    00000004   00000004    r-- .const:xdc_runtime_Main_Module__diagsIncluded__C
  00000544    00000544    00000004   00000004    r-- .const:xdc_runtime_Main_Module__diagsMask__C
  00000548    00000548    00000004   00000004    r-- .const:xdc_runtime_Memory_defaultHeapInstance__C
  0000054c    0000054c    00000004   00000004    r-- .const:xdc_runtime_Startup_execImpl__C
  00000550    00000550    00000004   00000004    r-- .const:xdc_runtime_Startup_maxPasses__C
  00000554    00000554    00000004   00000004    r-- .const:xdc_runtime_Startup_sfxnRts__C
  00000558    00000558    00000004   00000004    r-- .const:xdc_runtime_Startup_sfxnTab__C
  0000055c    0000055c    00000004   00000004    r-- .const:xdc_runtime_Startup_startModsFxn__C
  00000560    00000560    00000004   00000004    r-- .const:xdc_runtime_SysCallback_abortFxn__C
  00000564    00000564    00000004   00000004    r-- .const:xdc_runtime_SysCallback_exitFxn__C
  00000568    00000568    00000004   00000004    r-- .const:xdc_runtime_System_abortFxn__C
  0000056c    0000056c    00000004   00000004    r-- .const:xdc_runtime_System_exitFxn__C
  00000570    00000570    00000004   00000004    r-- .const:xdc_runtime_System_maxAtexitHandlers__C
  00000574    00000574    00000004   00000004    r-- .const:xdc_runtime_Text_charTab__C
  00000578    00000578    00000004   00000004    r-- .const:xdc_runtime_Text_nameEmpty__C
  0000057c    0000057c    00000004   00000004    r-- .const:xdc_runtime_Text_nameStatic__C
  00000580    00000580    00000004   00000004    r-- .const:xdc_runtime_Text_nameUnknown__C
  00000584    00000584    00000002   00000002    r-- .const:xdc_runtime_Main_Module__id__C
  00000586    00000586    00000002   00000002    r-- .const:xdc_runtime_Memory_Module__id__C
  00000588    00000588    00000002   00000002    r-- .const:xdc_runtime_Text_charCnt__C
  0000058a    0000058a    00000002   00000002    r-- .const:xdc_runtime_Text_isLoaded__C
  0000058c    0000058c    00000001   00000001    r-- .const:xdc_runtime_Error_policy__C
  00000590    00000590    00000004   00000004    r-- .const:ti_sysbios_rom_ROM_AONRTCChannelEnable
  00000594    00000594    00000004   00000004    r-- .const:ti_sysbios_rom_ROM_AONRTCCompareValueSet
  00000598    00000598    00000004   00000004    r-- .const:ti_sysbios_rom_ROM_AONRTCCurrentCompareValueGet
  0000059c    0000059c    00000004   00000004    r-- .const:ti_sysbios_rom_ROM_AONRTCEventClear
  000005a0    000005a0    00000004   00000004    r-- .const:ti_sysbios_rom_ROM_ti_sysbios_family_arm_cc26xx_Timer_getCount64__E
  000005a4    000005a4    00000004   00000004    r-- .const:ti_sysbios_rom_ROM_ti_sysbios_family_arm_cc26xx_Timer_getCurrentTick__E
  000005a8    000005a8    00000004   00000004    r-- .const:ti_sysbios_rom_ROM_ti_sysbios_family_arm_cc26xx_Timer_getMaxTicks__E
  000005ac    000005ac    00000004   00000004    r-- .const:ti_sysbios_rom_ROM_ti_sysbios_family_arm_cc26xx_Timer_initDevice__I
  000005b0    000005b0    00000004   00000004    r-- .const:ti_sysbios_rom_ROM_ti_sysbios_family_arm_cc26xx_Timer_setNextTick__E
  000005b4    000005b4    00000004   00000004    r-- .const:ti_sysbios_rom_ROM_ti_sysbios_family_arm_cc26xx_Timer_setThreshold__I
  000005b8    000005b8    00000004   00000004    r-- .const:ti_sysbios_rom_ROM_ti_sysbios_family_arm_cc26xx_Timer_start__E
  000005bc    000005bc    00000004   00000004    r-- .const:ti_sysbios_rom_ROM_ti_sysbios_family_arm_cc26xx_TimestampProvider_get32__E
  000005c0    000005c0    00000004   00000004    r-- .const:ti_sysbios_rom_ROM_xdc_runtime_Startup_getState__I
  000005c4    000005c4    00000004   00000004    r-- .const:ti_sysbios_rom_ROM_xdc_runtime_System_SupportProxy_abort__E
  000005c8    000005c8    00000004   00000004    r-- .const:ti_sysbios_rom_ROM_xdc_runtime_System_SupportProxy_exit__E
  000005cc    000005cc    00000004   00000004    r-- .const:ti_sysbios_gates_GateMutex_Instance_State_sem__O
  000005d0    000005d0    00000004   00000004    r-- .const:ti_sysbios_knl_Clock_Module_State_clockQ__O
  000005d4    000005d4    00000004   00000004    r-- .const:ti_sysbios_knl_Mailbox_Instance_State_dataQue__O
  000005d8    000005d8    00000004   00000004    r-- .const:ti_sysbios_knl_Mailbox_Instance_State_dataSem__O
  000005dc    000005dc    00000004   00000004    r-- .const:ti_sysbios_knl_Mailbox_Instance_State_freeQue__O
  000005e0    000005e0    00000004   00000004    r-- .const:ti_sysbios_knl_Mailbox_Instance_State_freeSem__O
  000005e4    000005e4    00000004   00000004    r-- .const:ti_sysbios_knl_Semaphore_Instance_State_pendQ__O
  000005e8    000005e8    00000004   00000004    r-- .const:ti_sysbios_knl_Task_Module_State_inactiveQ__O
  000005ec    000005ec    00009b48   00009b48    r-x .text.4
  0000a134    0000a134    00001c4a   00001c4a    r-- .const
  0000bd80    0000bd80    000004c0   000004c0    r-- .cinit
0001ffa8    0001ffa8    00000058   00000058    r--
  0001ffa8    0001ffa8    00000058   00000058    r-- .ccfg
20000000    20000000    000000c8   00000000    rw-
  20000000    20000000    000000c8   00000000    rw- .vecs
20000100    20000100    00002d24   00000000    rw-
  20000100    20000100    00000044   00000000    rw- .data:ti_sysbios_knl_Task_Module__state__V
  20000144    20000144    00000034   00000000    rw- .data:ti_sysbios_family_arm_m3_Hwi_Module__state__V
  20000178    20000178    0000002c   00000000    rw- .data:ti_sysbios_knl_Clock_Module__state__V
  200001a4    200001a4    00000024   00000000    rw- .data:ti_sysbios_BIOS_Module__state__V
  200001c8    200001c8    0000001c   00000000    rw- .data:ti_sysbios_knl_Swi_Module__state__V
  200001e4    200001e4    00000008   00000000    rw- .data:ti_sysbios_family_arm_cc26xx_Timer_Module__state__V
  200001ec    200001ec    00000004   00000000    rw- .data:ti_sysbios_family_arm_cc26xx_TimestampProvider_Module__state__V
  200001f0    200001f0    00000008   00000000    rw- .data:xdc_runtime_Startup_Module__state__V
  200001f8    200001f8    00000008   00000000    rw- .data:xdc_runtime_System_Module__state__V
  20000200    20000200    00000004   00000000    rw- .data:xdc_runtime_Memory_Module__state__V
  20000208    20000208    000016ea   00000000    rw- .bss
  200018f8    200018f8    0000152c   00000000    rw- .data
20003fe4    20003fe4    00000400   00000000    rw-
  20003fe4    20003fe4    00000400   00000000    rw- .stack


SECTION ALLOCATION MAP

 output                                  attributes/
section   page    origin      length       input sections
--------  ----  ----------  ----------   ----------------
.resetVecs 
*          0    00000000    0000003c     
                  00000000    0000003c     appBLE_UartLog_pem3.oem3 (.resetVecs)

.text.1    0    0000003c    000000c4     
                  0000003c    000000b8     ProjectZero.obj (.text:user_gapStateChangeCB$0)
                  000000f4    0000000c     ICall.obj (.text:ICall_clockFunc$1)

.const:ti_sysbios_knl_Task_Object__PARAMS__C 
*          0    00000100    0000003c     
                  00000100    0000003c     appBLE_UartLog_pem3.oem3 (.const:ti_sysbios_knl_Task_Object__PARAMS__C)

.const:ti_sysbios_knl_Mailbox_Object__PARAMS__C 
*          0    0000013c    00000034     
                  0000013c    00000034     appBLE_UartLog_pem3.oem3 (.const:ti_sysbios_knl_Mailbox_Object__PARAMS__C)

.const:ti_sysbios_family_arm_m3_Hwi_Object__PARAMS__C 
*          0    00000170    00000030     
                  00000170    00000030     appBLE_UartLog_pem3.oem3 (.const:ti_sysbios_family_arm_m3_Hwi_Object__PARAMS__C)

.const:ti_sysbios_hal_Hwi_Object__PARAMS__C 
*          0    000001a0    0000002c     
                  000001a0    0000002c     appBLE_UartLog_pem3.oem3 (.const:ti_sysbios_hal_Hwi_Object__PARAMS__C)

.const:ti_sysbios_heaps_HeapMem_Module__FXNS__C 
*          0    000001cc    00000028     
                  000001cc    00000028     appBLE_UartLog_pem3.oem3 (.const:ti_sysbios_heaps_HeapMem_Module__FXNS__C)

.const:ti_sysbios_knl_Swi_Object__PARAMS__C 
*          0    000001f4    00000028     
                  000001f4    00000028     appBLE_UartLog_pem3.oem3 (.const:ti_sysbios_knl_Swi_Object__PARAMS__C)

.const:ti_sysbios_gates_GateHwi_Module__FXNS__C 
*          0    0000021c    00000024     
                  0000021c    00000024     appBLE_UartLog_pem3.oem3 (.const:ti_sysbios_gates_GateHwi_Module__FXNS__C)

.const:ti_sysbios_gates_GateMutex_Module__FXNS__C 
*          0    00000240    00000024     
                  00000240    00000024     appBLE_UartLog_pem3.oem3 (.const:ti_sysbios_gates_GateMutex_Module__FXNS__C)

.const:ti_sysbios_heaps_HeapMem_Object__PARAMS__C 
*          0    00000264    00000024     
                  00000264    00000024     appBLE_UartLog_pem3.oem3 (.const:ti_sysbios_heaps_HeapMem_Object__PARAMS__C)

.const:ti_sysbios_knl_Clock_Object__PARAMS__C 
*          0    00000288    00000024     
                  00000288    00000024     appBLE_UartLog_pem3.oem3 (.const:ti_sysbios_knl_Clock_Object__PARAMS__C)

.const:ti_sysbios_knl_Semaphore_Object__PARAMS__C 
*          0    000002ac    00000024     
                  000002ac    00000024     appBLE_UartLog_pem3.oem3 (.const:ti_sysbios_knl_Semaphore_Object__PARAMS__C)

.const:ti_sysbios_family_arm_m3_Hwi_Object__DESC__C 
*          0    000002d0    00000020     
                  000002d0    00000020     appBLE_UartLog_pem3.oem3 (.const:ti_sysbios_family_arm_m3_Hwi_Object__DESC__C)

.const:ti_sysbios_gates_GateHwi_Object__DESC__C 
*          0    000002f0    00000020     
                  000002f0    00000020     appBLE_UartLog_pem3.oem3 (.const:ti_sysbios_gates_GateHwi_Object__DESC__C)

.const:ti_sysbios_gates_GateMutex_Object__DESC__C 
*          0    00000310    00000020     
                  00000310    00000020     appBLE_UartLog_pem3.oem3 (.const:ti_sysbios_gates_GateMutex_Object__DESC__C)

.const:ti_sysbios_hal_Hwi_Object__DESC__C 
*          0    00000330    00000020     
                  00000330    00000020     appBLE_UartLog_pem3.oem3 (.const:ti_sysbios_hal_Hwi_Object__DESC__C)

.const:ti_sysbios_heaps_HeapMem_Object__DESC__C 
*          0    00000350    00000020     
                  00000350    00000020     appBLE_UartLog_pem3.oem3 (.const:ti_sysbios_heaps_HeapMem_Object__DESC__C)

.const:ti_sysbios_knl_Clock_Object__DESC__C 
*          0    00000370    00000020     
                  00000370    00000020     appBLE_UartLog_pem3.oem3 (.const:ti_sysbios_knl_Clock_Object__DESC__C)

.const:ti_sysbios_knl_Mailbox_Object__DESC__C 
*          0    00000390    00000020     
                  00000390    00000020     appBLE_UartLog_pem3.oem3 (.const:ti_sysbios_knl_Mailbox_Object__DESC__C)

.const:ti_sysbios_knl_Queue_Object__DESC__C 
*          0    000003b0    00000020     
                  000003b0    00000020     appBLE_UartLog_pem3.oem3 (.const:ti_sysbios_knl_Queue_Object__DESC__C)

.const:ti_sysbios_knl_Semaphore_Object__DESC__C 
*          0    000003d0    00000020     
                  000003d0    00000020     appBLE_UartLog_pem3.oem3 (.const:ti_sysbios_knl_Semaphore_Object__DESC__C)

.const:ti_sysbios_knl_Swi_Object__DESC__C 
*          0    000003f0    00000020     
                  000003f0    00000020     appBLE_UartLog_pem3.oem3 (.const:ti_sysbios_knl_Swi_Object__DESC__C)

.const:ti_sysbios_knl_Task_Object__DESC__C 
*          0    00000410    00000020     
                  00000410    00000020     appBLE_UartLog_pem3.oem3 (.const:ti_sysbios_knl_Task_Object__DESC__C)

.const:ti_sysbios_gates_GateHwi_Object__PARAMS__C 
*          0    00000430    00000018     
                  00000430    00000018     appBLE_UartLog_pem3.oem3 (.const:ti_sysbios_gates_GateHwi_Object__PARAMS__C)

.const:ti_sysbios_gates_GateMutex_Object__PARAMS__C 
*          0    00000448    00000018     
                  00000448    00000018     appBLE_UartLog_pem3.oem3 (.const:ti_sysbios_gates_GateMutex_Object__PARAMS__C)

.const:ti_sysbios_knl_Queue_Object__PARAMS__C 
*          0    00000460    00000018     
                  00000460    00000018     appBLE_UartLog_pem3.oem3 (.const:ti_sysbios_knl_Queue_Object__PARAMS__C)

.const:ti_sysbios_knl_Idle_funcList__C 
*          0    00000478    00000008     
                  00000478    00000008     appBLE_UartLog_pem3.oem3 (.const:ti_sysbios_knl_Idle_funcList__C)

.text.2    0    00000480    00000004     
                  00000480    00000004     sysbios.aem3 : mangled__BIOS_lib.obj (.text:CPUwfi$27)

.const:ti_sysbios_family_arm_cc26xx_Timer_startupNeeded__C 
*          0    00000484    00000004     
                  00000484    00000004     appBLE_UartLog_pem3.oem3 (.const:ti_sysbios_family_arm_cc26xx_Timer_startupNeeded__C)

.const:ti_sysbios_family_arm_m3_Hwi_E_alreadyDefined__C 
*          0    00000488    00000004     
                  00000488    00000004     appBLE_UartLog_pem3.oem3 (.const:ti_sysbios_family_arm_m3_Hwi_E_alreadyDefined__C)

.const:ti_sysbios_family_arm_m3_Hwi_E_hwiLimitExceeded__C 
*          0    0000048c    00000004     
                  0000048c    00000004     appBLE_UartLog_pem3.oem3 (.const:ti_sysbios_family_arm_m3_Hwi_E_hwiLimitExceeded__C)

.const:ti_sysbios_family_arm_m3_Hwi_NUM_INTERRUPTS__C 
*          0    00000490    00000004     
                  00000490    00000004     appBLE_UartLog_pem3.oem3 (.const:ti_sysbios_family_arm_m3_Hwi_NUM_INTERRUPTS__C)

.const:ti_sysbios_family_arm_m3_Hwi_Object__count__C 
*          0    00000494    00000004     
                  00000494    00000004     appBLE_UartLog_pem3.oem3 (.const:ti_sysbios_family_arm_m3_Hwi_Object__count__C)

.const:ti_sysbios_family_arm_m3_Hwi_Object__table__C 
*          0    00000498    00000004     
                  00000498    00000004     appBLE_UartLog_pem3.oem3 (.const:ti_sysbios_family_arm_m3_Hwi_Object__table__C)

.const:ti_sysbios_family_arm_m3_Hwi_ccr__C 
*          0    0000049c    00000004     
                  0000049c    00000004     appBLE_UartLog_pem3.oem3 (.const:ti_sysbios_family_arm_m3_Hwi_ccr__C)

.const:ti_sysbios_family_arm_m3_Hwi_excHandlerFunc__C 
*          0    000004a0    00000004     
                  000004a0    00000004     appBLE_UartLog_pem3.oem3 (.const:ti_sysbios_family_arm_m3_Hwi_excHandlerFunc__C)

.const:ti_sysbios_family_arm_m3_Hwi_nullIsrFunc__C 
*          0    000004a4    00000004     
                  000004a4    00000004     appBLE_UartLog_pem3.oem3 (.const:ti_sysbios_family_arm_m3_Hwi_nullIsrFunc__C)

.const:ti_sysbios_family_arm_m3_Hwi_numSparseInterrupts__C 
*          0    000004a8    00000004     
                  000004a8    00000004     appBLE_UartLog_pem3.oem3 (.const:ti_sysbios_family_arm_m3_Hwi_numSparseInterrupts__C)

.const:ti_sysbios_family_arm_m3_Hwi_priGroup__C 
*          0    000004ac    00000004     
                  000004ac    00000004     appBLE_UartLog_pem3.oem3 (.const:ti_sysbios_family_arm_m3_Hwi_priGroup__C)

.const:ti_sysbios_family_arm_m3_TaskSupport_stackAlignment__C 
*          0    000004b0    00000004     
                  000004b0    00000004     appBLE_UartLog_pem3.oem3 (.const:ti_sysbios_family_arm_m3_TaskSupport_stackAlignment__C)

.const:ti_sysbios_heaps_HeapMem_E_memory__C 
*          0    000004b4    00000004     
                  000004b4    00000004     appBLE_UartLog_pem3.oem3 (.const:ti_sysbios_heaps_HeapMem_E_memory__C)

.const:ti_sysbios_heaps_HeapMem_Module__gateObj__C 
*          0    000004b8    00000004     
                  000004b8    00000004     appBLE_UartLog_pem3.oem3 (.const:ti_sysbios_heaps_HeapMem_Module__gateObj__C)

.const:ti_sysbios_heaps_HeapMem_Object__count__C 
*          0    000004bc    00000004     
                  000004bc    00000004     appBLE_UartLog_pem3.oem3 (.const:ti_sysbios_heaps_HeapMem_Object__count__C)

.const:ti_sysbios_heaps_HeapMem_Object__table__C 
*          0    000004c0    00000004     
                  000004c0    00000004     appBLE_UartLog_pem3.oem3 (.const:ti_sysbios_heaps_HeapMem_Object__table__C)

.const:ti_sysbios_heaps_HeapMem_reqAlign__C 
*          0    000004c4    00000004     
                  000004c4    00000004     appBLE_UartLog_pem3.oem3 (.const:ti_sysbios_heaps_HeapMem_reqAlign__C)

.const:ti_sysbios_knl_Clock_serviceMargin__C 
*          0    000004c8    00000004     
                  000004c8    00000004     appBLE_UartLog_pem3.oem3 (.const:ti_sysbios_knl_Clock_serviceMargin__C)

.const:ti_sysbios_knl_Mailbox_Object__count__C 
*          0    000004cc    00000004     
                  000004cc    00000004     appBLE_UartLog_pem3.oem3 (.const:ti_sysbios_knl_Mailbox_Object__count__C)

.const:ti_sysbios_knl_Mailbox_Object__table__C 
*          0    000004d0    00000004     
                  000004d0    00000004     appBLE_UartLog_pem3.oem3 (.const:ti_sysbios_knl_Mailbox_Object__table__C)

.const:ti_sysbios_knl_Queue_Object__count__C 
*          0    000004d4    00000004     
                  000004d4    00000004     appBLE_UartLog_pem3.oem3 (.const:ti_sysbios_knl_Queue_Object__count__C)

.const:ti_sysbios_knl_Queue_Object__table__C 
*          0    000004d8    00000004     
                  000004d8    00000004     appBLE_UartLog_pem3.oem3 (.const:ti_sysbios_knl_Queue_Object__table__C)

.const:ti_sysbios_knl_Swi_Object__count__C 
*          0    000004dc    00000004     
                  000004dc    00000004     appBLE_UartLog_pem3.oem3 (.const:ti_sysbios_knl_Swi_Object__count__C)

.const:ti_sysbios_knl_Swi_Object__table__C 
*          0    000004e0    00000004     
                  000004e0    00000004     appBLE_UartLog_pem3.oem3 (.const:ti_sysbios_knl_Swi_Object__table__C)

.const:ti_sysbios_knl_Swi_numPriorities__C 
*          0    000004e4    00000004     
                  000004e4    00000004     appBLE_UartLog_pem3.oem3 (.const:ti_sysbios_knl_Swi_numPriorities__C)

.const:ti_sysbios_knl_Task_Object__count__C 
*          0    000004e8    00000004     
                  000004e8    00000004     appBLE_UartLog_pem3.oem3 (.const:ti_sysbios_knl_Task_Object__count__C)

.const:ti_sysbios_knl_Task_Object__table__C 
*          0    000004ec    00000004     
                  000004ec    00000004     appBLE_UartLog_pem3.oem3 (.const:ti_sysbios_knl_Task_Object__table__C)

.const:ti_sysbios_knl_Task_allBlockedFunc__C 
*          0    000004f0    00000004     
                  000004f0    00000004     appBLE_UartLog_pem3.oem3 (.const:ti_sysbios_knl_Task_allBlockedFunc__C)

.const:ti_sysbios_knl_Task_defaultStackHeap__C 
*          0    000004f4    00000004     
                  000004f4    00000004     appBLE_UartLog_pem3.oem3 (.const:ti_sysbios_knl_Task_defaultStackHeap__C)

.const:ti_sysbios_knl_Task_defaultStackSize__C 
*          0    000004f8    00000004     
                  000004f8    00000004     appBLE_UartLog_pem3.oem3 (.const:ti_sysbios_knl_Task_defaultStackSize__C)

.const:ti_sysbios_knl_Task_numConstructedTasks__C 
*          0    000004fc    00000004     
                  000004fc    00000004     appBLE_UartLog_pem3.oem3 (.const:ti_sysbios_knl_Task_numConstructedTasks__C)

.text.3    0    00000500    00000002     
                  00000500    00000002     rtsv7M3_T_le_eabi.lib : i_div0.obj (.text)

.const:ti_sysbios_family_arm_cc26xx_Timer_Module__id__C 
*          0    00000502    00000002     
                  00000502    00000002     appBLE_UartLog_pem3.oem3 (.const:ti_sysbios_family_arm_cc26xx_Timer_Module__id__C)

.const:ti_sysbios_family_arm_cc26xx_TimestampProvider_useClockTimer__C 
*          0    00000504    00000002     
                  00000504    00000002     appBLE_UartLog_pem3.oem3 (.const:ti_sysbios_family_arm_cc26xx_TimestampProvider_useClockTimer__C)

.const:ti_sysbios_family_arm_m3_Hwi_Module__id__C 
*          0    00000506    00000002     
                  00000506    00000002     appBLE_UartLog_pem3.oem3 (.const:ti_sysbios_family_arm_m3_Hwi_Module__id__C)

.const:ti_sysbios_gates_GateHwi_Module__id__C 
*          0    00000508    00000002     
                  00000508    00000002     appBLE_UartLog_pem3.oem3 (.const:ti_sysbios_gates_GateHwi_Module__id__C)

.const:ti_sysbios_gates_GateMutex_Module__id__C 
*          0    0000050a    00000002     
                  0000050a    00000002     appBLE_UartLog_pem3.oem3 (.const:ti_sysbios_gates_GateMutex_Module__id__C)

.const:ti_sysbios_heaps_HeapMem_Module__id__C 
*          0    0000050c    00000002     
                  0000050c    00000002     appBLE_UartLog_pem3.oem3 (.const:ti_sysbios_heaps_HeapMem_Module__id__C)

.const:ti_sysbios_knl_Task_initStackFlag__C 
*          0    0000050e    00000002     
                  0000050e    00000002     appBLE_UartLog_pem3.oem3 (.const:ti_sysbios_knl_Task_initStackFlag__C)

.const:ti_sysbios_knl_Clock_tickMode__C 
*          0    00000510    00000001     
                  00000510    00000001     appBLE_UartLog_pem3.oem3 (.const:ti_sysbios_knl_Clock_tickMode__C)

.const:xdc_runtime_Startup_firstFxns__C 
*          0    00000514    00000008     
                  00000514    00000008     appBLE_UartLog_pem3.oem3 (.const:xdc_runtime_Startup_firstFxns__C)

.const:xdc_runtime_Startup_lastFxns__C 
*          0    0000051c    00000008     
                  0000051c    00000008     appBLE_UartLog_pem3.oem3 (.const:xdc_runtime_Startup_lastFxns__C)

.const:xdc_runtime_Assert_E_assertFailed__C 
*          0    00000524    00000004     
                  00000524    00000004     appBLE_UartLog_pem3.oem3 (.const:xdc_runtime_Assert_E_assertFailed__C)

.const:xdc_runtime_Error_E_memory__C 
*          0    00000528    00000004     
                  00000528    00000004     appBLE_UartLog_pem3.oem3 (.const:xdc_runtime_Error_E_memory__C)

.const:xdc_runtime_Error_policyFxn__C 
*          0    0000052c    00000004     
                  0000052c    00000004     appBLE_UartLog_pem3.oem3 (.const:xdc_runtime_Error_policyFxn__C)

.const:xdc_runtime_IGateProvider_Interface__BASE__C 
*          0    00000530    00000004     
                  00000530    00000004     appBLE_UartLog_pem3.oem3 (.const:xdc_runtime_IGateProvider_Interface__BASE__C)

.const:xdc_runtime_IHeap_Interface__BASE__C 
*          0    00000534    00000004     
                  00000534    00000004     appBLE_UartLog_pem3.oem3 (.const:xdc_runtime_IHeap_Interface__BASE__C)

.const:xdc_runtime_IModule_Interface__BASE__C 
*          0    00000538    00000004     
                  00000538    00000004     appBLE_UartLog_pem3.oem3 (.const:xdc_runtime_IModule_Interface__BASE__C)

.const:xdc_runtime_Main_Module__diagsEnabled__C 
*          0    0000053c    00000004     
                  0000053c    00000004     appBLE_UartLog_pem3.oem3 (.const:xdc_runtime_Main_Module__diagsEnabled__C)

.const:xdc_runtime_Main_Module__diagsIncluded__C 
*          0    00000540    00000004     
                  00000540    00000004     appBLE_UartLog_pem3.oem3 (.const:xdc_runtime_Main_Module__diagsIncluded__C)

.const:xdc_runtime_Main_Module__diagsMask__C 
*          0    00000544    00000004     
                  00000544    00000004     appBLE_UartLog_pem3.oem3 (.const:xdc_runtime_Main_Module__diagsMask__C)

.const:xdc_runtime_Memory_defaultHeapInstance__C 
*          0    00000548    00000004     
                  00000548    00000004     appBLE_UartLog_pem3.oem3 (.const:xdc_runtime_Memory_defaultHeapInstance__C)

.const:xdc_runtime_Startup_execImpl__C 
*          0    0000054c    00000004     
                  0000054c    00000004     appBLE_UartLog_pem3.oem3 (.const:xdc_runtime_Startup_execImpl__C)

.const:xdc_runtime_Startup_maxPasses__C 
*          0    00000550    00000004     
                  00000550    00000004     appBLE_UartLog_pem3.oem3 (.const:xdc_runtime_Startup_maxPasses__C)

.const:xdc_runtime_Startup_sfxnRts__C 
*          0    00000554    00000004     
                  00000554    00000004     appBLE_UartLog_pem3.oem3 (.const:xdc_runtime_Startup_sfxnRts__C)

.const:xdc_runtime_Startup_sfxnTab__C 
*          0    00000558    00000004     
                  00000558    00000004     appBLE_UartLog_pem3.oem3 (.const:xdc_runtime_Startup_sfxnTab__C)

.const:xdc_runtime_Startup_startModsFxn__C 
*          0    0000055c    00000004     
                  0000055c    00000004     appBLE_UartLog_pem3.oem3 (.const:xdc_runtime_Startup_startModsFxn__C)

.const:xdc_runtime_SysCallback_abortFxn__C 
*          0    00000560    00000004     
                  00000560    00000004     appBLE_UartLog_pem3.oem3 (.const:xdc_runtime_SysCallback_abortFxn__C)

.const:xdc_runtime_SysCallback_exitFxn__C 
*          0    00000564    00000004     
                  00000564    00000004     appBLE_UartLog_pem3.oem3 (.const:xdc_runtime_SysCallback_exitFxn__C)

.const:xdc_runtime_System_abortFxn__C 
*          0    00000568    00000004     
                  00000568    00000004     appBLE_UartLog_pem3.oem3 (.const:xdc_runtime_System_abortFxn__C)

.const:xdc_runtime_System_exitFxn__C 
*          0    0000056c    00000004     
                  0000056c    00000004     appBLE_UartLog_pem3.oem3 (.const:xdc_runtime_System_exitFxn__C)

.const:xdc_runtime_System_maxAtexitHandlers__C 
*          0    00000570    00000004     
                  00000570    00000004     appBLE_UartLog_pem3.oem3 (.const:xdc_runtime_System_maxAtexitHandlers__C)

.const:xdc_runtime_Text_charTab__C 
*          0    00000574    00000004     
                  00000574    00000004     appBLE_UartLog_pem3.oem3 (.const:xdc_runtime_Text_charTab__C)

.const:xdc_runtime_Text_nameEmpty__C 
*          0    00000578    00000004     
                  00000578    00000004     appBLE_UartLog_pem3.oem3 (.const:xdc_runtime_Text_nameEmpty__C)

.const:xdc_runtime_Text_nameStatic__C 
*          0    0000057c    00000004     
                  0000057c    00000004     appBLE_UartLog_pem3.oem3 (.const:xdc_runtime_Text_nameStatic__C)

.const:xdc_runtime_Text_nameUnknown__C 
*          0    00000580    00000004     
                  00000580    00000004     appBLE_UartLog_pem3.oem3 (.const:xdc_runtime_Text_nameUnknown__C)

.const:xdc_runtime_Main_Module__id__C 
*          0    00000584    00000002     
                  00000584    00000002     appBLE_UartLog_pem3.oem3 (.const:xdc_runtime_Main_Module__id__C)

.const:xdc_runtime_Memory_Module__id__C 
*          0    00000586    00000002     
                  00000586    00000002     appBLE_UartLog_pem3.oem3 (.const:xdc_runtime_Memory_Module__id__C)

.const:xdc_runtime_Text_charCnt__C 
*          0    00000588    00000002     
                  00000588    00000002     appBLE_UartLog_pem3.oem3 (.const:xdc_runtime_Text_charCnt__C)

.const:xdc_runtime_Text_isLoaded__C 
*          0    0000058a    00000002     
                  0000058a    00000002     appBLE_UartLog_pem3.oem3 (.const:xdc_runtime_Text_isLoaded__C)

.const:xdc_runtime_Error_policy__C 
*          0    0000058c    00000001     
                  0000058c    00000001     appBLE_UartLog_pem3.oem3 (.const:xdc_runtime_Error_policy__C)

.const:ti_sysbios_rom_ROM_AONRTCChannelEnable 
*          0    00000590    00000004     
                  00000590    00000004     appBLE_UartLog_pem3.oem3 (.const:ti_sysbios_rom_ROM_AONRTCChannelEnable)

.const:ti_sysbios_rom_ROM_AONRTCCompareValueSet 
*          0    00000594    00000004     
                  00000594    00000004     appBLE_UartLog_pem3.oem3 (.const:ti_sysbios_rom_ROM_AONRTCCompareValueSet)

.const:ti_sysbios_rom_ROM_AONRTCCurrentCompareValueGet 
*          0    00000598    00000004     
                  00000598    00000004     appBLE_UartLog_pem3.oem3 (.const:ti_sysbios_rom_ROM_AONRTCCurrentCompareValueGet)

.const:ti_sysbios_rom_ROM_AONRTCEventClear 
*          0    0000059c    00000004     
                  0000059c    00000004     appBLE_UartLog_pem3.oem3 (.const:ti_sysbios_rom_ROM_AONRTCEventClear)

.const:ti_sysbios_rom_ROM_ti_sysbios_family_arm_cc26xx_Timer_getCount64__E 
*          0    000005a0    00000004     
                  000005a0    00000004     appBLE_UartLog_pem3.oem3 (.const:ti_sysbios_rom_ROM_ti_sysbios_family_arm_cc26xx_Timer_getCount64__E)

.const:ti_sysbios_rom_ROM_ti_sysbios_family_arm_cc26xx_Timer_getCurrentTick__E 
*          0    000005a4    00000004     
                  000005a4    00000004     appBLE_UartLog_pem3.oem3 (.const:ti_sysbios_rom_ROM_ti_sysbios_family_arm_cc26xx_Timer_getCurrentTick__E)

.const:ti_sysbios_rom_ROM_ti_sysbios_family_arm_cc26xx_Timer_getMaxTicks__E 
*          0    000005a8    00000004     
                  000005a8    00000004     appBLE_UartLog_pem3.oem3 (.const:ti_sysbios_rom_ROM_ti_sysbios_family_arm_cc26xx_Timer_getMaxTicks__E)

.const:ti_sysbios_rom_ROM_ti_sysbios_family_arm_cc26xx_Timer_initDevice__I 
*          0    000005ac    00000004     
                  000005ac    00000004     appBLE_UartLog_pem3.oem3 (.const:ti_sysbios_rom_ROM_ti_sysbios_family_arm_cc26xx_Timer_initDevice__I)

.const:ti_sysbios_rom_ROM_ti_sysbios_family_arm_cc26xx_Timer_setNextTick__E 
*          0    000005b0    00000004     
                  000005b0    00000004     appBLE_UartLog_pem3.oem3 (.const:ti_sysbios_rom_ROM_ti_sysbios_family_arm_cc26xx_Timer_setNextTick__E)

.const:ti_sysbios_rom_ROM_ti_sysbios_family_arm_cc26xx_Timer_setThreshold__I 
*          0    000005b4    00000004     
                  000005b4    00000004     appBLE_UartLog_pem3.oem3 (.const:ti_sysbios_rom_ROM_ti_sysbios_family_arm_cc26xx_Timer_setThreshold__I)

.const:ti_sysbios_rom_ROM_ti_sysbios_family_arm_cc26xx_Timer_start__E 
*          0    000005b8    00000004     
                  000005b8    00000004     appBLE_UartLog_pem3.oem3 (.const:ti_sysbios_rom_ROM_ti_sysbios_family_arm_cc26xx_Timer_start__E)

.const:ti_sysbios_rom_ROM_ti_sysbios_family_arm_cc26xx_TimestampProvider_get32__E 
*          0    000005bc    00000004     
                  000005bc    00000004     appBLE_UartLog_pem3.oem3 (.const:ti_sysbios_rom_ROM_ti_sysbios_family_arm_cc26xx_TimestampProvider_get32__E)

.const:ti_sysbios_rom_ROM_xdc_runtime_Startup_getState__I 
*          0    000005c0    00000004     
                  000005c0    00000004     appBLE_UartLog_pem3.oem3 (.const:ti_sysbios_rom_ROM_xdc_runtime_Startup_getState__I)

.const:ti_sysbios_rom_ROM_xdc_runtime_System_SupportProxy_abort__E 
*          0    000005c4    00000004     
                  000005c4    00000004     appBLE_UartLog_pem3.oem3 (.const:ti_sysbios_rom_ROM_xdc_runtime_System_SupportProxy_abort__E)

.const:ti_sysbios_rom_ROM_xdc_runtime_System_SupportProxy_exit__E 
*          0    000005c8    00000004     
                  000005c8    00000004     appBLE_UartLog_pem3.oem3 (.const:ti_sysbios_rom_ROM_xdc_runtime_System_SupportProxy_exit__E)

.const:ti_sysbios_gates_GateMutex_Instance_State_sem__O 
*          0    000005cc    00000004     
                  000005cc    00000004     appBLE_UartLog_pem3.oem3 (.const:ti_sysbios_gates_GateMutex_Instance_State_sem__O)

.const:ti_sysbios_knl_Clock_Module_State_clockQ__O 
*          0    000005d0    00000004     
                  000005d0    00000004     appBLE_UartLog_pem3.oem3 (.const:ti_sysbios_knl_Clock_Module_State_clockQ__O)

.const:ti_sysbios_knl_Mailbox_Instance_State_dataQue__O 
*          0    000005d4    00000004     
                  000005d4    00000004     appBLE_UartLog_pem3.oem3 (.const:ti_sysbios_knl_Mailbox_Instance_State_dataQue__O)

.const:ti_sysbios_knl_Mailbox_Instance_State_dataSem__O 
*          0    000005d8    00000004     
                  000005d8    00000004     appBLE_UartLog_pem3.oem3 (.const:ti_sysbios_knl_Mailbox_Instance_State_dataSem__O)

.const:ti_sysbios_knl_Mailbox_Instance_State_freeQue__O 
*          0    000005dc    00000004     
                  000005dc    00000004     appBLE_UartLog_pem3.oem3 (.const:ti_sysbios_knl_Mailbox_Instance_State_freeQue__O)

.const:ti_sysbios_knl_Mailbox_Instance_State_freeSem__O 
*          0    000005e0    00000004     
                  000005e0    00000004     appBLE_UartLog_pem3.oem3 (.const:ti_sysbios_knl_Mailbox_Instance_State_freeSem__O)

.const:ti_sysbios_knl_Semaphore_Instance_State_pendQ__O 
*          0    000005e4    00000004     
                  000005e4    00000004     appBLE_UartLog_pem3.oem3 (.const:ti_sysbios_knl_Semaphore_Instance_State_pendQ__O)

.const:ti_sysbios_knl_Task_Module_State_inactiveQ__O 
*          0    000005e8    00000004     
                  000005e8    00000004     appBLE_UartLog_pem3.oem3 (.const:ti_sysbios_knl_Task_Module_State_inactiveQ__O)

.text.4    0    000005ec    00009b48     
                  000005ec    00000a38     ProjectZero.obj (.text:ProjectZero_taskFxn$0)
                  00001024    00000824     ProjectZero.obj (.text:ProjectZero_init$0)
                  00001848    000005c0     driverlib.lib : setup.obj (.text:HapiTrimDeviceShutDown$22)
                  00001e08    000004fc     peripheral.obj (.text:gapRole_taskFxn$11)
                  00002304    00000440     sysbios.aem3 : mangled__BIOS_lib.obj (.text:xdc_runtime_System_doPrint__I)
                  00002744    00000418                  : mangled__BIOS_lib.obj (.text:ti_sysbios_family_arm_cc26xx_Power_auxISR__E)
                  00002b5c    000003f8     Data_Service.obj (.text:Data_Service_WriteAttrCB$6)
                  00002f54    00000344     Data_Service.obj (.text:DataService_SetParameter)
                  00003298    0000032c     Button_Service.obj (.text:ButtonService_SetParameter)
                  000035c4    00000310     LED_Service.obj (.text:LED_Service_WriteAttrCB$7)
                  000038d4    000002e4     sysbios.aem3 : mangled__BIOS_lib.obj (.text:ti_sysbios_family_arm_cc26xx_Power_sleep__E)
                  00003bb8    000002c0     ProjectZero.obj (.text:user_processGapStateChangeEvt$0)
                  00003e78    00000244     peripheral.obj (.text:GAPRole_SetParameter)
                  000040bc    00000240     Button_Service.obj (.text:Button_Service_ReadAttrCB$5)
                  000042fc    0000023c     Data_Service.obj (.text:Data_Service_ReadAttrCB$6)
                  00004538    0000023c     LED_Service.obj (.text:LED_Service_ReadAttrCB$7)
                  00004774    0000021c     LED_Service.obj (.text:LedService_SetParameter)
                  00004990    000001f4     rtsv7M3_T_le_eabi.lib : ull_div_t2.obj (.text)
                  00004b84    000001d0     Button_Service.obj (.text:Button_Service_WriteAttrCB$5)
                  00004d54    000001c8     driverlib.lib : sys_ctrl.obj (.text:SysCtrlSetRechargeBeforePowerDown)
                  00004f1c    000001b0     uart_logs.obj (.text:uartLog_flush)
                  000050cc    000001a4     drivers_cc26xxware.aem3 : PINCC26XX.oem3 (.text:PIN_init)
                  00005270    000001a0     ProjectZero.obj (.text:user_gapBondMgr_pairStateCB$0)
                  00005410    00000180     ProjectZero.obj (.text:ProjectZero_freeAttRsp$0)
                  00005590    00000174     drivers_cc26xxware.aem3 : UARTCC26XX.oem3 (.text:UARTCC26XX_open)
                  00005704    0000013c     driverlib.lib : setup.obj (.text:trimDevice)
                  00005840    0000012c     sysbios.aem3 : mangled__BIOS_lib.obj (.text:xdc_runtime_Text_putSite__E)
                  0000596c    00000124     peripheral.obj (.text:GAPRole_GetParameter)
                  00005a90    00000106     ICall.obj (.text:ICall_primWaitMatch$1)
                  00005b96    00000002     appBLE_UartLog_pem3.oem3 (.text:ti_sysbios_BIOS_nullFunc__I)
                  00005b98    00000100     drivers_cc26xxware.aem3 : UARTCC26XX.oem3 (.text:UARTCC26XX_write)
                  00005c98    000000fc     rtsv7M3_T_le_eabi.lib : fd_mul_t2.obj (.text)
                  00005d94    000000f8     appBLE_UartLog_pem3.oem3 (.text:xdc_runtime_System_printfExtend__I)
                  00005e8c    000000f8     sysbios.aem3 : mangled__BIOS_lib.obj (.text:xdc_runtime_Text_putLab__E)
                  00005f84    000000f4     ProjectZero.obj (.text:user_service_ValueChangeCB$0)
                  00006078    000000f0     ProjectZero.obj (.text:user_service_CfgChangeCB$0)
                  00006168    000000e8     drivers_cc26xxware.aem3 : UARTCC26XX.oem3 (.text:UARTCC26XX_hwiIntFxn)
                  00006250    000000d8     ProjectZero.obj (.text:buttonCallbackFxn$0)
                  00006328    000000d8     sysbios.aem3 : mangled__BIOS_lib.obj (.text:ti_sysbios_family_arm_cc26xx_Power_setDependency__E)
                  00006400    000000d0                  : mangled__BIOS_lib.obj (.text:ti_sysbios_family_arm_cc26xx_Power_releaseDependency__E)
                  000064d0    000000d0                  : mangled__BIOS_lib.obj (.text:ti_sysbios_family_arm_cc26xx_Power_startFirstMeasurement__E)
                  000065a0    000000cc                  : mangled__BIOS_lib.obj (.text:ti_sysbios_family_arm_cc26xx_Power_standbyPolicy__E)
                  0000666c    000000c8     drivers_cc26xxware.aem3 : UARTCC26XX.oem3 (.text:UARTCC26XX_initHw)
                  00006734    000000c0                             : UARTCC26XX.oem3 (.text:UARTCC26XX_read)
                  000067f4    000000b8                             : PINCC26XX.oem3 (.text:PINCC26XX_setIoCfg)
                  000068ac    000000b4     sysbios.aem3 : mangled__BIOS_lib.obj (.text:ti_sysbios_knl_Clock_workFuncDynamic__E)
                  00006960    000000b0     devinfoservice.obj (.text:devInfo_ReadAttrCB$8)
                  00006a10    000000ac     gattservapp_util.obj (.text:GATTServApp_ProcessCharCfg)
                  00006abc    000000a4     sysbios.aem3 : mangled__BIOS_lib.obj (.text:ti_sysbios_family_arm_cc26xx_Power_initiateCalibration__E)
                  00006b60    000000a0     auto_init.aem3 : auto_init.oem3 (.text)
                  00006c00    0000009c     rtsv7M3_T_le_eabi.lib : memcpy_t2.obj (.text)
                  00006c9c    00000098     drivers_cc26xxware.aem3 : UARTCC26XX.oem3 (.text:UARTCC26XX_initIO)
                  00006d34    00000094     ICall.obj (.text:ICall_primSetTimer$1)
                  00006dc8    00000094     driverlib.lib : osc.obj (.text:OSCHF_GetStartupTime)
                  00006e5c    00000094     gattservapp_util.obj (.text:gattServApp_SendNotiInd$10)
                  00006ef0    00000094     drivers_cc26xxware.aem3 : UARTCC26XX.oem3 (.text:writeFinishedDoCallback)
                  00006f84    00000090                             : PINCC26XX.oem3 (.text:PIN_open)
                  00007014    0000008c                             : UARTCC26XX.oem3 (.text:UARTCC26XX_writeCancel)
                  000070a0    0000008c     main.obj (.text:main)
                  0000712c    0000008c     sysbios.aem3 : mangled__BIOS_lib.obj (.text:ti_sysbios_family_arm_cc26xx_Power_LF_clockFunc__E)
                  000071b8    0000008c                  : mangled__BIOS_lib.obj (.text:ti_sysbios_family_arm_cc26xx_Power_Module_startup__E)
                  00007244    00000088                  : mangled__BIOS_lib.obj (.text:ti_sysbios_family_arm_cc26xx_Timer_start__E)
                  000072cc    00000084     ICall.obj (.text:ICall_heapMalloc)
                  00007350    00000080     uart_logs.obj (.text:uartLog_outputFxn)
                  000073d0    00000080     drivers_cc26xxware.aem3 : UARTCC26XX.oem3 (.text:writeTxFifoFlush)
                  00007450    0000007a     rtsv7M3_T_le_eabi.lib : memset_t2.obj (.text)
                  000074ca    00000002     sysbios.aem3 : mangled__BIOS_lib.obj (.text:ti_sysbios_family_arm_cc26xx_Power_defaultClockFunc__E)
                  000074cc    00000074     ICall.obj (.text:ICall_primSend$1)
                  00007540    00000074     drivers_cc26xxware.aem3 : UARTCC26XX.oem3 (.text:UARTCC26XX_close)
                  000075b4    00000074     peripheral.obj (.text:gapRole_startConnUpdate$11)
                  00007628    00000070     drivers_cc26xxware.aem3 : UARTCC26XX.oem3 (.text:UARTCC26XX_readCancel)
                  00007698    0000006c     ICallCC2650.obj (.text:ICallPlatform_pwrUpdActivityCounter)
                  00007704    0000006c     ICall.obj (.text:ICall_createRemoteTasks)
                  00007770    0000006c     driverlib.lib : sys_ctrl.obj (.text:SysCtrl_DCDC_VoltageConditionalControl)
                  000077dc    0000006c     ProjectZero.obj (.text:buttonDebounceSwiFxn$0)
                  00007848    00000068     ProjectZero.obj (.text:Util_convertArrayToHexString$0)
                  000078b0    00000068     rtsv7M3_T_le_eabi.lib : copy_decompress_lzss.obj (.text:decompress:lzss)
                  00007918    00000064     gattservapp_util.obj (.text:GATTServApp_ProcessCCCWriteReq)
                  0000797c    00000064     driverlib.lib : osc.obj (.text:OSCHF_AttemptToSwitchToXosc)
                  000079e0    00000062                   : sys_ctrl.obj (.text:SysCtrlAdjustRechargeAfterPowerDown)
                  00007a42    00000002     sysbios.aem3 : mangled__BIOS_lib.obj (.text:ti_sysbios_family_arm_cc26xx_Power_defaultNotifyTrapFunc__E)
                  00007a44    00000060     appBLE_UartLog_pem3.oem3 (.text:ti_sysbios_family_arm_cc26xx_Power_XOSC_HF_clockFunc__E)
                  00007aa4    00000060     sysbios.aem3 : mangled__BIOS_lib.obj (.text:ti_sysbios_family_arm_cc26xx_Timer_setNextTick__E)
                  00007b04    0000005c     drivers_cc26xxware.aem3 : PINCC26XX.oem3 (.text:PIN_remove)
                  00007b60    0000005c     appBLE_UartLog_pem3.oem3 (.text:xdc_runtime_Startup_getState__I)
                  00007bbc    0000005a     driverlib.lib : ddi.obj (.text:NOROM_DDI16BitfieldWrite)
                  00007c16    00000002     appBLE_UartLog_pem3.oem3 (.text:ti_sysbios_rom_cortexm_cc26xx_CC26xx_badRomRevision__E)
                  00007c18    00000058     Button_Service.obj (.text:Button_Service_findCharParamId$5)
                  00007c70    00000058     Data_Service.obj (.text:Data_Service_findCharParamId$6)
                  00007cc8    00000058     ICall.obj (.text:ICall_primEnroll$1)
                  00007d20    00000058     LED_Service.obj (.text:LED_Service_findCharParamId$7)
                  00007d78    00000058     sysbios.aem3 : mangled__BIOS_lib.obj (.text:tdcPerformRcOscMeasurement$28)
                  00007dd0    00000058                  : mangled__BIOS_lib.obj (.text:ti_sysbios_family_arm_cc26xx_Power_notify__I)
                  00007e28    00000058     ProjectZero.obj (.text:user_enqueueCharDataMsg$0)
                  00007e80    00000054     ICall.obj (.text:ICall_primFetchMsg$1)
                  00007ed4    00000054     ICall.obj (.text:ICall_primThreadServes$1)
                  00007f28    00000054     rtsv7M3_T_le_eabi.lib : exit.obj (.text)
                  00007f7c    00000054     sysbios.aem3 : mangled__BIOS_lib.obj (.text:xdc_runtime_Text_visitRope2__I)
                  00007fd0    00000052     ICall.obj (.text:ICall_primWait$1)
                  00008022    00000052     driverlib.lib : osc.obj (.text:NOROM_OSCClockSourceSet)
                  00008074    00000050     ICallBleAPI.obj (.text:GAP_UpdateAdvertisingData)
                  000080c4    00000050     ICall.obj (.text:ICall_primGetEntityId$1)
                  00008114    00000050     ICall.obj (.text:ICall_primRegisterApp$1)
                  00008164    00000050     util.obj (.text:Util_convertBdAddr2Str)
                  000081b4    00000050     drivers_cc26xxware.aem3 : UARTCC26XX.oem3 (.text:startTxFifoEmptyClk)
                  00008204    0000004c     ICall.obj (.text:ICall_newTask$1)
                  00008250    0000004c     drivers_cc26xxware.aem3 : PINCC26XX.oem3 (.text:PIN_Isr)
                  0000829c    0000004c     ICallBleAPI.obj (.text:gattIndNoti$3)
                  000082e8    0000004c     drivers_cc26xxware.aem3 : UARTCC26XX.oem3 (.text:readFinishedDoCallback)
                  00008334    0000004c     rtsv7M3_T_le_eabi.lib : cpy_tbl.obj (.text)
                  00008380    0000004c     sysbios.aem3 : mangled__BIOS_lib.obj (.text:xdc_runtime_Text_xprintf__I)
                  000083cc    00000048     peripheral.obj (.text:GAPRole_TerminateConnection)
                  00008414    00000048     driverlib.lib : ddi.obj (.text:NOROM_DDI16BitfieldRead)
                  0000845c    00000048     drivers_cc26xxware.aem3 : PINCC26XX.oem3 (.text:PIN_setOutputEnable)
                  000084a4    00000048     rtsv7M3_T_le_eabi.lib : fd_toi_t2.obj (.text)
                  000084ec    00000048     sysbios.aem3 : mangled__BIOS_lib.obj (.text:xdc_runtime_LoggerCallback_write8__E)
                  00008534    00000044     boot.aem3 : boot.oem3 (.text)
                  00008578    00000044     ICallBleAPI.obj (.text:gapSendParamAndPtrCmd$3)
                  000085bc    00000044     ProjectZero.obj (.text:user_enqueueRawAppMsg$0)
                  00008600    00000044     sysbios.aem3 : mangled__BIOS_lib.obj (.text:xdc_runtime_LoggerCallback_Module_startup__E)
                  00008644    00000042     ICall.obj (.text:ICall_primCreateSemaphore$1)
                  00008686    00000042     ICall.obj (.text:ICall_primCreateTask$1)
                  000086c8    00000040     peripheral.obj (.text:GAPRole_createTask)
                  00008708    00000040     driverlib.lib : osc.obj (.text:NOROM_OSCInterfaceEnable)
                  00008748    00000040     ProjectZero.obj (.text:ProjectZero_createTask)
                  00008788    00000040     rtsv7M3_T_le_eabi.lib : u_divt2.obj (.text)
                  000087c8    00000040     appBLE_UartLog_pem3.oem3 (.text:ti_sysbios_family_arm_cc26xx_Power_XOSC_HF)
                  00008808    00000040     sysbios.aem3 : mangled__BIOS_lib.obj (.text:ti_sysbios_family_arm_cc26xx_Power_isStableXOSC_HF__E)
                  00008848    00000040                  : mangled__BIOS_lib.obj (.text:ti_sysbios_family_arm_cc26xx_Timer_getCurrentTick__E)
                  00008888    0000003e     ICallBleAPI.obj (.text:hciSendParamsCmd$3)
                  000088c6    00000002     sysbios.aem3 : mangled__BIOS_lib.obj (.text:xdc_runtime_SysCallback_defaultAbort)
                  000088c8    0000003c     ICallBleAPI.obj (.text:GAP_GetParamValue)
                  00008904    0000003c     ICallBleAPI.obj (.text:GATTServApp_RegisterService)
                  00008940    0000003c     ICallCC2650.obj (.text:ICallPlatform_pwrConfigACAction)
                  0000897c    0000003c     ICall.obj (.text:ICall_primFetchServiceMsg$1)
                  000089b8    0000003c     ICallBleAPI.obj (.text:profileSetParameter$3)
                  000089f4    0000003c     ICallBleAPI.obj (.text:sendWaitMatchCS$3)
                  00008a30    0000003c     ICallBleAPI.obj (.text:sendWaitMatchValueCS$3)
                  00008a6c    0000003c     sysbios.aem3 : mangled__BIOS_lib.obj (.text:ti_sysbios_family_arm_cc26xx_Power_releaseConstraint__E)
                  00008aa8    0000003c                  : mangled__BIOS_lib.obj (.text:ti_sysbios_family_arm_cc26xx_Timer_initDevice__I)
                  00008ae4    00000038     ICall.obj (.text:ICall_primGetMaxMSecs$1)
                  00008b1c    00000038     drivers_cc26xxware.aem3 : PINCC26XX.oem3 (.text:PIN_setOutputValue)
                  00008b54    00000038     util.obj (.text:Util_restartClock)
                  00008b8c    00000038     drivers_cc26xxware.aem3 : UARTCC26XX.oem3 (.text:readData)
                  00008bc4    00000038     sysbios.aem3 : mangled__BIOS_lib.obj (.text:ti_sysbios_family_arm_cc26xx_Power_setConstraint__E)
                  00008bfc    00000038                  : mangled__BIOS_lib.obj (.text:ti_sysbios_family_arm_cc26xx_Timer_setThreshold__I)
                  00008c34    00000038     drivers_cc26xxware.aem3 : UARTCC26XX.oem3 (.text:writeData)
                  00008c6c    00000038     sysbios.aem3 : mangled__BIOS_lib.obj (.text:xdc_runtime_LoggerCallback_write4__E)
                  00008ca4    00000036     ICallCC2650.obj (.text:ICallPlatform_pwrDispenseImpl$2)
                  00008cda    00000036     ICallCC2650.obj (.text:ICallPlatform_pwrRequireImpl$2)
                  00008d10    00000036     ICall.obj (.text:ICall_primWaitSemaphore$1)
                  00008d46    00000036     ICallBleAPI.obj (.text:waitMatchCS$3)
                  00008d7c    00000034     driverlib.lib : chipinfo.obj (.text:ChipInfo_GetChipFamily)
                  00008db0    00000034     ICallBleAPI.obj (.text:GAPBondMgr_SetParameter)
                  00008de4    00000034     ICallBleAPI.obj (.text:GAP_SetParamValue)
                  00008e18    00000034     ICallCC2650.obj (.text:ICallPlatform_pwrRegisterNotify)
                  00008e4c    00000034     ICall.obj (.text:ICall_dispatch$1)
                  00008e80    00000034     ICall.obj (.text:ICall_primEntityId2ServiceId$1)
                  00008eb4    00000034     ICall.obj (.text:ICall_primRegisterISR$1)
                  00008ee8    00000034     ICall.obj (.text:ICall_primRegisterISR_Ext$1)
                  00008f1c    00000034     ICall.obj (.text:ICall_searchServiceEntity$1)
                  00008f50    00000034     drivers_cc26xxware.aem3 : PINCC26XX.oem3 (.text:PIN_setConfig)
                  00008f84    00000034     driverlib.lib : setup.obj (.text:SetAonRtcSubSecInc$22)
                  00008fb8    00000034     util.obj (.text:Util_constructClock)
                  00008fec    00000034     ICallBleAPI.obj (.text:osal_snv_read)
                  00009020    00000034     ICallBleAPI.obj (.text:osal_snv_write)
                  00009054    00000034     ICallBleAPI.obj (.text:profileAddService$3)
                  00009088    00000034     ICallBleAPI.obj (.text:registerTask$3)
                  000090bc    00000034     sysbios.aem3 : mangled__BIOS_lib.obj (.text:ti_sysbios_knl_Clock_getTicksUntilInterrupt__E)
                  000090f0    00000033                  : mangled__BIOS_lib.obj (.text:xdc_runtime_Text_printVisFxn__I)
                  00009123    00000001     --HOLE-- [fill = 0]
                  00009124    00000032     driverlib.lib : osc.obj (.text:OSCHF_SwitchToRcOscTurnOffXosc)
                  00009156    00000032     ICallBleAPI.obj (.text:gapSendParamsCmd$3)
                  00009188    00000032     ICallBleAPI.obj (.text:gapSendPtrParamsCmd$3)
                  000091ba    00000032     ICallBleAPI.obj (.text:matchGapSetGetParamCS$3)
                  000091ec    00000032     ICallBleAPI.obj (.text:matchGattCmdStatus$3)
                  0000921e    00000032     ICallBleAPI.obj (.text:matchUtilNvCS$3)
                  00009250    00000030     ICallCC2650.obj (.text:ICallPlatform_pwrNotify$2)
                  00009280    00000030     ICall.obj (.text:ICall_msecs2Ticks$1)
                  000092b0    00000030     appBLE_UartLog_pem3.oem3 (.text:ti_sysbios_BIOS_atExitFunc__I)
                  000092e0    00000030     sysbios.aem3 : mangled__BIOS_lib.obj (.text:ti_sysbios_family_arm_cc26xx_Power_registerNotify__E)
                  00009310    00000030     appBLE_UartLog_pem3.oem3 (.text:xdc_runtime_LoggerCallback_Object__create__S)
                  00009340    00000030     sysbios.aem3 : mangled__BIOS_lib.obj (.text:xdc_runtime_LoggerCallback_write2__E)
                  00009370    0000002c     driverlib.lib : aon_batmon.obj (.text:AONBatMonTemperatureGetDegC)
                  0000939c    0000002c     ICallBleAPI.obj (.text:HCI_EXT_ConnEventNoticeCmd)
                  000093c8    0000002c     ICall.obj (.text:ICall_heapFree)
                  000093f4    0000002c     Button_Service.obj (.text:ICall_malloc$5)
                  00009420    0000002c     ICall.obj (.text:ICall_msgEnqueue$1)
                  0000944c    0000002c     ICall.obj (.text:ICall_primAllocMsg$1)
                  00009478    0000002c     ICall.obj (.text:ICall_searchTask$1)
                  000094a4    0000002c     ICallBleAPI.obj (.text:ICall_sendServiceMsg$3)
                  000094d0    0000002c     driverlib.lib : aon_rtc.obj (.text:NOROM_AONRTCCurrentCompareValueGet)
                  000094fc    0000002c     drivers_cc26xxware.aem3 : PINCC26XX.oem3 (.text:PINCC26XX_setMux)
                  00009528    0000002c     ICallBleAPI.obj (.text:matchProfileAddServiceCS$3)
                  00009554    0000002c     sysbios.aem3 : mangled__BIOS_lib.obj (.text:ti_sysbios_family_arm_cc26xx_Power_switchXOSC_HF__E)
                  00009580    0000002a     ICallBleAPI.obj (.text:ICall_waitMatch$3)
                  000095aa    0000002a     ICallBleAPI.obj (.text:matchProfileCS$3)
                  000095d4    00000028     appBLE_UartLog_pem3.oem3 (.text:ti_sysbios_family_arm_cc26xx_Power_isDependencyActive)
                  000095fc    00000028     sysbios.aem3 : mangled__BIOS_lib.obj (.text:xdc_runtime_LoggerCallback_write0__E)
                  00009624    00000028                  : mangled__BIOS_lib.obj (.text:xdc_runtime_LoggerCallback_write1__E)
                  0000964c    00000028                  : mangled__BIOS_lib.obj (.text:xdc_runtime_System_snprintf__E)
                  00009674    00000026     driverlib.lib : osc.obj (.text:NOROM_OSCClockSourceGet)
                  0000969a    00000026     drivers_cc26xxware.aem3 : UARTCC26XX.oem3 (.text:UARTCC26XX_control)
                  000096c0    00000024     ICallBleAPI.obj (.text:ICall_getLocalMsgEntityId$3)
                  000096e4    00000024     rtsv7M3_T_le_eabi.lib : memcmp.obj (.text)
                  00009708    00000024     appBLE_UartLog_pem3.oem3 (.text:ti_sysbios_BIOS_registerRTSLock__I)
                  0000972c    00000024     appBLE_UartLog_pem3.oem3 (.text:ti_sysbios_BIOS_removeRTSLock__I)
                  00009750    00000024     appBLE_UartLog_pem3.oem3 (.text:ti_sysbios_BIOS_startFunc__I)
                  00009774    00000024     sysbios.aem3 : mangled__BIOS_lib.obj (.text:ti_sysbios_family_arm_cc26xx_Timer_dynamicStub__E)
                  00009798    00000024                  : mangled__BIOS_lib.obj (.text:ti_sysbios_family_arm_cc26xx_Timer_getMaxTicks__E)
                  000097bc    00000020     gattservapp_util.obj (.text:GATTServApp_InitCharCfg)
                  000097dc    00000020     ICallBleAPI.obj (.text:ICall_allocMsg$3)
                  000097fc    00000020     ICallBleAPI.obj (.text:ICall_getEntityId$3)
                  0000981c    00000020     ProjectZero.obj (.text:ICall_malloc$0)
                  0000983c    00000020     ICall.obj (.text:ICall_primService$1)
                  0000985c    00000020     gattservapp_util.obj (.text:gattServApp_FindCharCfgItem$10)
                  0000987c    00000020     rtsv7M3_T_le_eabi.lib : u_tofd_t2.obj (.text)
                  0000989c    00000020     appBLE_UartLog_pem3.oem3 (.text:ti_sysbios_BIOS_rtsLock__I)
                  000098bc    00000020     sysbios.aem3 : mangled__BIOS_lib.obj (.text:ti_sysbios_family_arm_cc26xx_TimestampProvider_get32__E)
                  000098dc    0000001e     ICall.obj (.text:ICall_primSendServiceMsg$1)
                  000098fa    0000001e     drivers_cc26xxware.aem3 : PINCC26XX.oem3 (.text:PIN_close)
                  00009918    0000001e     ICallBleAPI.obj (.text:matchHciCS$3)
                  00009936    00000002     sysbios.aem3 : mangled__BIOS_lib.obj (.text:xdc_runtime_SysCallback_defaultExit)
                  00009938    0000001c     drivers_cc26xxware.aem3 : PINCC26XX.oem3 (.text:PINCC26XX_setIoCfgMux)
                  00009954    0000001c     ICallBleAPI.obj (.text:getStatusValueFromErrNo$3)
                  00009970    0000001c     sysbios.aem3 : mangled__BIOS_lib.obj (.text:ti_sysbios_family_arm_cc26xx_Power_unregisterNotify__E)
                  0000998c    0000001c                  : mangled__BIOS_lib.obj (.text:xdc_runtime_LoggerCallback_Instance_init__E)
                  000099a8    0000001a     ICall.obj (.text:ICall_enterCSImpl)
                  000099c2    0000001a     ICall.obj (.text:ICall_primSetTimerMSecs$1)
                  000099dc    0000001a     driverlib.lib : osc.obj (.text:OSCHF_TurnOnXosc)
                  000099f6    0000001a     ICallBleAPI.obj (.text:matchGattIndNotiCS$3)
                  00009a10    0000001a     ProjectZero.obj (.text:user_gapBondMgr_passcodeCB$0)
                  00009a2a    00000018     driverlib.lib : chipinfo.obj (.text:ChipInfo_GetPackageType)
                  00009a42    00000002     sysbios.aem3 : mangled__BIOS_lib.obj (.text:xdc_runtime_SysCallback_defaultPutch)
                  00009a44    00000018     ICallBleAPI.obj (.text:GATT_bm_free)
                  00009a5c    00000018     ICallCC2650.obj (.text:ICallPlatform_pwrDispense)
                  00009a74    00000018     ICallCC2650.obj (.text:ICallPlatform_pwrRequire)
                  00009a8c    00000018     ProjectZero.obj (.text:ICall_freeMsg$0)
                  00009aa4    00000018     ICallBleAPI.obj (.text:ICall_freeMsg$3)
                  00009abc    00000018     ICall.obj (.text:ICall_primMalloc$1)
                  00009ad4    00000018     drivers_cc26xxware.aem3 : UART.oem3 (.text:UART_Params_init)
                  00009aec    00000018                             : UART.oem3 (.text:UART_open)
                  00009b04    00000018     peripheral.obj (.text:gapRole_setEvent$11)
                  00009b1c    00000018     rtsv7M3_T_le_eabi.lib : args_main.obj (.text)
                  00009b34    00000018                           : ll_mul_t2.obj (.text)
                  00009b4c    00000018     appBLE_UartLog_pem3.oem3 (.text:ti_sysbios_BIOS_rtsUnlock__I)
                  00009b64    00000018     appBLE_UartLog_pem3.oem3 (.text:ti_sysbios_family_arm_cc26xx_Power_RFCORECLKS)
                  00009b7c    00000018     sysbios.aem3 : mangled__BIOS_lib.obj (.text:ti_sysbios_family_arm_cc26xx_Timer_getCount64__E)
                  00009b94    00000018     appBLE_UartLog_pem3.oem3 (.text:ti_sysbios_rom_cortexm_cc26xx_CC26xx_checkRevision__E)
                  00009bac    00000016     ICall.obj (.text:ICall_leaveCSImpl)
                  00009bc2    00000016     ICall.obj (.text:ICall_primStopTimer$1)
                  00009bd8    00000016     main.obj (.text:exceptionHandler)
                  00009bee    00000016     appBLE_UartLog_pem3.oem3 (.text:ti_sysbios_BIOS_exitFunc__I)
                  00009c04    00000014     ICallCC2650.obj (.text:ICallPlatform_pwrIsStableXOSCHF)
                  00009c18    00000014     drivers_cc26xxware.aem3 : PINCC26XX.oem3 (.text:PINCC26XX_getInputValue)
                  00009c2c    00000014     rtsv7M3_T_le_eabi.lib : _lock.obj (.text)
                  00009c40    00000014                           : strlen.obj (.text)
                  00009c54    00000014     ICallBleAPI.obj (.text:setICallCmdEvtHdr$3)
                  00009c68    00000014     appBLE_UartLog_pem3.oem3 (.text:ti_sysbios_knl_Clock_doTick__I)
                  00009c7c    00000012     appBLE_UartLog_pem3.oem3 (.text:xdc_runtime_Startup_exec__I)
                  00009c8e    00000002     --HOLE-- [fill = 0]
                  00009c90    00000010     ICallBleAPI.obj (.text:GAP_EndDiscoverable)
                  00009ca0    00000010     ICallCC2650.obj (.text:ICallPlatform_pwrGetXOSCStartupTime)
                  00009cb0    00000010     ICall.obj (.text:ICall_primGetTickPeriod$1)
                  00009cc0    00000010     ICall.obj (.text:ICall_taskEntry$1)
                  00009cd0    00000010     drivers_cc26xxware.aem3 : UARTCC26XX.oem3 (.text:UARTCC26XX_init)
                  00009ce0    00000010     util.obj (.text:Util_isActive)
                  00009cf0    00000010     drivers_cc26xxware.aem3 : UARTCC26XX.oem3 (.text:uartPostNotify)
                  00009d00    00000010     appBLE_UartLog_pem3.oem3 (.text:xdc_runtime_LoggerCallback_Object__get__S)
                  00009d10    00000010     sysbios.aem3 : mangled__BIOS_lib.obj (.text:xdc_runtime_SysCallback_putch__E)
                  00009d20    00000010                  : mangled__BIOS_lib.obj (.text:xdc_runtime_SysCallback_ready__E)
                  00009d30    0000000e     ICallCC2650.obj (.text:ICallPlatform_pwrGetTransitionState)
                  00009d3e    0000000e     ICall.obj (.text:ICall_primDisableMInt$1)
                  00009d4c    0000000e     ICall.obj (.text:ICall_primEnableMInt$1)
                  00009d5a    0000000e     ICall.obj (.text:ICall_primFreeMsg$1)
                  00009d68    0000000e     ICall.obj (.text:ICall_primGetTicks$1)
                  00009d76    0000000e     driverlib.lib : vims.obj (.text:NOROM_VIMSModeGet)
                  00009d84    0000000e     rtsv7M3_T_le_eabi.lib : copy_decompress_none.obj (.text:decompress:none)
                  00009d92    0000000e     ICallBleAPI.obj (.text:matchGSARegisterServiceCS$3)
                  00009da0    0000000e     ICallBleAPI.obj (.text:matchGapLinkEstCS$3)
                  00009dae    0000000e     ICallBleAPI.obj (.text:matchGapPasscodeCS$3)
                  00009dbc    0000000e     ICallBleAPI.obj (.text:matchGattSendRspCS$3)
                  00009dca    0000000e     ICallBleAPI.obj (.text:matchLinkDBNumConnsCS$3)
                  00009dd8    0000000e     ICallBleAPI.obj (.text:setDispatchCmdEvtHdr$3)
                  00009de6    0000000c     ICall.obj (.text:ICall_primDisableInt$1)
                  00009df2    0000000c     ICall.obj (.text:ICall_primEnableInt$1)
                  00009dfe    0000000c     ICall.obj (.text:ICall_primFree$1)
                  00009e0a    0000000c     ICall.obj (.text:ICall_primSignal$1)
                  00009e16    0000000c     driverlib.lib : cpu.obj (.text:NOROM_CPUcpsid)
                  00009e22    0000000c                   : cpu.obj (.text:NOROM_CPUcpsie)
                  00009e2e    0000000c     drivers_cc26xxware.aem3 : PINCC26XX.oem3 (.text:PIN_registerIntCb)
                  00009e3a    0000000c     rtsv7M3_T_le_eabi.lib : copy_zero_init.obj (.text:decompress:ZI)
                  00009e46    0000000c     ICallBleAPI.obj (.text:matchProfileSetParamCS$3)
                  00009e52    00000002     --HOLE-- [fill = 0]
                  00009e54    0000000c     sysbios.aem3 : mangled__BIOS_lib.obj (.text:ti_sysbios_BIOS_getThreadType__E)
                  00009e60    0000000c                  : mangled__BIOS_lib.obj (.text:ti_sysbios_family_arm_cc26xx_Power_getTransitionState__E)
                  00009e6c    0000000c                  : mangled__BIOS_lib.obj (.text:ti_sysbios_hal_Hwi_Params__init__S)
                  00009e78    00000008     (.tramp.xdc_runtime_Core_assignParams__I.1)
                  00009e80    0000000c     appBLE_UartLog_pem3.oem3 (.text:xdc_runtime_Startup_reset__I)
                  00009e8c    0000000a     ICallCC2650.obj (.text:ICallPlatform_pwrSwitchXOSCHF)
                  00009e96    0000000a     ICall.obj (.text:ICall_primE2S$1)
                  00009ea0    0000000a     drivers_cc26xxware.aem3 : UART.oem3 (.text:UART_write)
                  00009eaa    0000000a     sysbios.aem3 : mangled__BIOS_lib.obj (.text:xdc_runtime_LoggerCallback_disable__E)
                  00009eb4    0000000a                  : mangled__BIOS_lib.obj (.text:xdc_runtime_LoggerCallback_enable__E)
                  00009ebe    0000000a     appBLE_UartLog_pem3.oem3 (.text:xdc_runtime_Text_visitRope__I)
                  00009ec8    00000008     ICallBleAPI.obj (.text:matchHciExtConnEventNoticeCS$3)
                  00009ed0    00000008     drivers_cc26xxware.aem3 : UARTCC26XX.oem3 (.text:readSemCallback)
                  00009ed8    00000008                             : UARTCC26XX.oem3 (.text:writeSemCallback)
                  00009ee0    00000006                             : UARTCC26XX.oem3 (.text:UARTCC26XX_readPolling)
                  00009ee6    00000006                             : UARTCC26XX.oem3 (.text:UARTCC26XX_writePolling)
                  00009eec    00000006     ICallBleAPI.obj (.text:matchBondMgrSetParamCS$3)
                  00009ef2    00000006     ICallBleAPI.obj (.text:matchGGSSetParamCS$3)
                  00009ef8    00000006     ICallBleAPI.obj (.text:matchGapDeviceInitCS$3)
                  00009efe    00000006     ICallBleAPI.obj (.text:matchGapEndDiscoverableCS$3)
                  00009f04    00000006     ICallBleAPI.obj (.text:matchGapGetParamCS$3)
                  00009f0a    00000006     ICallBleAPI.obj (.text:matchGapMakeDiscoverableCS$3)
                  00009f10    00000006     ICallBleAPI.obj (.text:matchGapSetParamCS$3)
                  00009f16    00000006     ICallBleAPI.obj (.text:matchGapTerminateAuthCS$3)
                  00009f1c    00000006     ICallBleAPI.obj (.text:matchGapTerminateLinkReqCS$3)
                  00009f22    00000006     ICallBleAPI.obj (.text:matchGapUpdateAdvDataCS$3)
                  00009f28    00000006     ICallBleAPI.obj (.text:matchGapUpdateLinkParamReqCS$3)
                  00009f2e    00000006     ICallBleAPI.obj (.text:matchUtilNvReadCS$3)
                  00009f34    00000006     ICallBleAPI.obj (.text:matchUtilNvWriteCS$3)
                  00009f3a    00000004     ICall.obj (.text:ICall_primAbort$1)
                  00009f3e    00000004     util.obj (.text:Util_stopClock)
                  00009f42    00000004     appBLE_UartLog_pem3.oem3 (.text:ti_sysbios_family_arm_cc26xx_Power_NOP)
                  00009f46    00000004     sysbios.aem3 : mangled__BIOS_lib.obj (.text:ti_sysbios_knl_Clock_isActive__E)
                  00009f4a    00000004                  : mangled__BIOS_lib.obj (.text:xdc_runtime_LoggerCallback_defaultCreate)
                  00009f4e    00000004                  : mangled__BIOS_lib.obj (.text:xdc_runtime_SysCallback_defaultReady)
                  00009f52    00000002     --HOLE-- [fill = 0]
                  00009f54    00000008     (.tramp.ti_sysbios_hal_Hwi_enableInterrupt__E.1)
                  00009f5c    00000008     (.tramp.ti_sysbios_hal_Hwi_disableInterrupt__E.1)
                  00009f64    00000008     (.tramp.ti_sysbios_knl_Task_enable__E.1)
                  00009f6c    00000008     (.tramp.ti_sysbios_family_arm_m3_Hwi_enableFxn__E.1)
                  00009f74    00000008     (.tramp.xdc_runtime_Startup_startMods__I.1)
                  00009f7c    00000008     (.tramp.ti_sysbios_knl_Swi_post__E.1)
                  00009f84    00000008     (.tramp.ti_sysbios_knl_Clock_logTick__E.1)
                  00009f8c    00000008     (.tramp.ti_sysbios_BIOS_RtsGateProxy_leave__E.1)
                  00009f94    00000008     (.tramp.ti_sysbios_knl_Queue_remove__E.1)
                  00009f9c    00000008     (.tramp.ti_sysbios_BIOS_RtsGateProxy_enter__E.1)
                  00009fa4    00000008     (.tramp.ti_sysbios_knl_Task_startup__E.1)
                  00009fac    00000008     (.tramp.ti_sysbios_knl_Swi_startup__E.1)
                  00009fb4    00000008     (.tramp.ti_sysbios_hal_Hwi_startup__E.1)
                  00009fbc    00000008     (.tramp.ti_sysbios_family_arm_cc26xx_Timer_startup__E.1)
                  00009fc4    00000008     (.tramp.xdc_runtime_System_atexit__E.1)
                  00009fcc    00000008     (.tramp.xdc_runtime_Core_createObject__I.1)
                  00009fd4    00000008     (.tramp.ti_sysbios_knl_Queue_put__E.1)
                  00009fdc    00000008     (.tramp.ti_sysbios_BIOS_setThreadType__E.1)
                  00009fe4    00000008     (.tramp.ti_sysbios_hal_Hwi_create.1)
                  00009fec    00000008     (.tramp.ti_sysbios_knl_Task_construct.1)
                  00009ff4    00000008     (.tramp.xdc_runtime_System_exit__E.1)
                  00009ffc    00000008     (.tramp.ti_sysbios_knl_Semaphore_create.1)
                  0000a004    00000008     (.tramp.ti_sysbios_knl_Queue_enqueue__E.1)
                  0000a00c    00000008     (.tramp.ti_sysbios_knl_Task_create.1)
                  0000a014    00000008     (.tramp.ti_sysbios_knl_Task_Params__init__S.1)
                  0000a01c    00000008     (.tramp.ti_sysbios_knl_Clock_destruct.1)
                  0000a024    00000008     (.tramp.ti_sysbios_knl_Semaphore_destruct.1)
                  0000a02c    00000008     (.tramp.ti_sysbios_family_arm_m3_Hwi_destruct.1)
                  0000a034    00000008     (.tramp.ti_sysbios_BIOS_start__E.1)
                  0000a03c    00000008     (.tramp.ti_sysbios_knl_Clock_create.1)
                  0000a044    00000008     (.tramp.ti_sysbios_knl_Clock_scheduleNextTick__E.1)
                  0000a04c    00000008     (.tramp.ti_sysbios_knl_Clock_walkQueueDynamic__E.1)
                  0000a054    00000008     (.tramp.ti_sysbios_knl_Clock_TimerProxy_getCurrentTick__E.1)
                  0000a05c    00000008     (.tramp.ti_sysbios_BIOS_getCpuFreq__E.1)
                  0000a064    00000008     (.tramp.ti_sysbios_knl_Clock_setTimeout__E.1)
                  0000a06c    00000008     (.tramp.ti_sysbios_knl_Clock_start__E.1)
                  0000a074    00000008     (.tramp.ti_sysbios_knl_Clock_stop__E.1)
                  0000a07c    00000008     (.tramp.ti_sysbios_knl_Semaphore_post__E.1)
                  0000a084    00000008     (.tramp.ti_sysbios_knl_Semaphore_pend__E.1)
                  0000a08c    00000008     (.tramp.ti_sysbios_knl_Clock_getTicks__E.1)
                  0000a094    00000008     (.tramp.ti_sysbios_knl_Task_self__E.1)
                  0000a09c    00000008     (.tramp.ti_sysbios_family_arm_m3_Hwi_construct.1)
                  0000a0a4    00000008     (.tramp.ti_sysbios_family_arm_m3_Hwi_Params__init__S.1)
                  0000a0ac    00000008     (.tramp.ti_sysbios_knl_Semaphore_construct.1)
                  0000a0b4    00000008     (.tramp.ti_sysbios_knl_Semaphore_Params__init__S.1)
                  0000a0bc    00000008     (.tramp.xdc_runtime_Text_ropeText__E.1)
                  0000a0c4    00000008     (.tramp.ti_sysbios_family_arm_m3_Hwi_restoreFxn__E.1)
                  0000a0cc    00000008     (.tramp.ti_sysbios_family_arm_m3_Hwi_disableFxn__E.1)
                  0000a0d4    00000008     (.tramp.ti_sysbios_knl_Task_restore__E.1)
                  0000a0dc    00000008     (.tramp.ti_sysbios_knl_Swi_restore__E.1)
                  0000a0e4    00000008     (.tramp.ti_sysbios_knl_Swi_disable__E.1)
                  0000a0ec    00000008     (.tramp.ti_sysbios_knl_Queue_next__E.1)
                  0000a0f4    00000008     (.tramp.ti_sysbios_knl_Queue_head__E.1)
                  0000a0fc    00000008     (.tramp.ti_sysbios_knl_Task_disable__E.1)
                  0000a104    00000008     (.tramp.ti_sysbios_knl_Clock_construct.1)
                  0000a10c    00000008     (.tramp.ti_sysbios_knl_Clock_Params__init__S.1)
                  0000a114    00000008     (.tramp.ti_sysbios_knl_Task_exit__E.1)
                  0000a11c    00000008     (.tramp.ti_sysbios_knl_Queue_construct.1)
                  0000a124    00000008     (.tramp.ti_sysbios_knl_Queue_dequeue__E.1)
                  0000a12c    00000008     (.tramp.ti_sysbios_knl_Queue_empty__E.1)

.const     0    0000a134    00001c4a     
                  0000a134    00001742     appBLE_UartLog_pem3.oem3 (.const:xdc_runtime_Text_charTab__A)
                  0000b876    00000002     devinfoservice.obj (.const:.string:devInfo11073CertUUID)
                  0000b878    000000bc     ICall.obj (.const:$O4$$)
[...]
1001c243  ti_sysbios_knl_Task_enable__E                                             
1001c249  ti_sysbios_BIOS_RtsGateProxy_enter__E                                     
1001c24d  ti_sysbios_BIOS_RtsGateProxy_leave__E                                     
1001c251  ti_sysbios_family_arm_cc26xx_Timer_getExpiredTicks__E                     
1001c255  ti_sysbios_family_arm_cc26xx_Timer_getPeriod__E                           
1001c259  ti_sysbios_family_arm_cc26xx_Timer_setPeriod__E                           
1001c25d  ti_sysbios_family_arm_m3_Hwi_delete                                       
1001c261  ti_sysbios_family_arm_m3_Hwi_destruct                                     
1001c265  ti_sysbios_family_arm_m3_TaskSupport_Module__startupDone__S               
1001c269  ti_sysbios_gates_GateHwi_query__E                                         
1001c269  xdc_runtime_System_Module_GateProxy_query__E                              
1001c26d  ti_sysbios_gates_GateMutex_delete                                         
1001c271  ti_sysbios_gates_GateMutex_destruct                                       
1001c275  ti_sysbios_BIOS_RtsGateProxy_query__E                                     
1001c275  ti_sysbios_gates_GateMutex_query__E                                       
1001c275  ti_sysbios_heaps_HeapMem_Module_GateProxy_query__E                        
1001c279  ti_sysbios_hal_Hwi_HwiProxy_Module__startupDone__S                        
1001c27d  ti_sysbios_hal_Hwi_HwiProxy_delete                                        
1001c281  ti_sysbios_hal_Hwi_HwiProxy_disableInterrupt__E                           
1001c281  ti_sysbios_hal_Hwi_disableInterrupt__E                                    
1001c285  ti_sysbios_hal_Hwi_HwiProxy_enableInterrupt__E                            
1001c285  ti_sysbios_hal_Hwi_enableInterrupt__E                                     
1001c289  ti_sysbios_hal_Hwi_HwiProxy_getStackInfo__E                               
1001c289  ti_sysbios_hal_Hwi_getStackInfo__E                                        
1001c28d  ti_sysbios_hal_Hwi_HwiProxy_startup__E                                    
1001c28d  ti_sysbios_hal_Hwi_startup__E                                             
1001c291  ti_sysbios_hal_Hwi_HwiProxy_switchFromBootStack__E                        
1001c295  ti_sysbios_hal_Hwi_delete                                                 
1001c299  ti_sysbios_hal_Hwi_switchFromBootStack__E                                 
1001c29d  ti_sysbios_heaps_HeapMem_Module_GateProxy_enter__E                        
1001c2a1  ti_sysbios_heaps_HeapMem_Module_GateProxy_leave__E                        
1001c2a5  ti_sysbios_heaps_HeapMem_isBlocking__E                                    
1001c2a9  ti_sysbios_knl_Clock_TimerProxy_Module__startupDone__S                    
1001c2ad  ti_sysbios_knl_Clock_TimerProxy_getExpiredTicks__E                        
1001c2b1  ti_sysbios_knl_Clock_TimerProxy_getPeriod__E                              
1001c2b5  ti_sysbios_knl_Clock_delete                                               
1001c2b9  ti_sysbios_knl_Clock_destruct                                             
1001c2bd  ti_sysbios_knl_Clock_removeI__E                                           
1001c2c1  ti_sysbios_knl_Clock_setTimeout__E                                        
1001c2c5  ti_sysbios_knl_Mailbox_delete                                             
1001c2c9  ti_sysbios_knl_Mailbox_destruct                                           
1001c2cd  ti_sysbios_knl_Queue_delete                                               
1001c2d1  ti_sysbios_knl_Queue_destruct                                             
1001c2d5  ti_sysbios_knl_Queue_head__E                                              
1001c2d9  ti_sysbios_knl_Queue_next__E                                              
1001c2dd  ti_sysbios_knl_Semaphore_delete                                           
1001c2e1  ti_sysbios_knl_Semaphore_destruct                                         
1001c2e5  ti_sysbios_knl_Swi_delete                                                 
1001c2e9  ti_sysbios_knl_Swi_destruct                                               
1001c2ed  ti_sysbios_knl_Swi_postInit__I                                            
1001c2f1  ti_sysbios_knl_Task_SupportProxy_Module__startupDone__S                   
1001c2f5  ti_sysbios_knl_Task_SupportProxy_getStackAlignment__E                     
1001c2f9  ti_sysbios_knl_Task_SupportProxy_start__E                                 
1001c2fd  ti_sysbios_knl_Task_SupportProxy_swap__E                                  
1001c301  ti_sysbios_knl_Task_delete                                                
1001c305  ti_sysbios_knl_Task_destruct                                              
1001c309  ti_sysbios_knl_Task_startup__E                                            
1001c30d  xdc_runtime_Startup_startMods__I                                          
1001c405  xdc_runtime_Core_createObject__I                                          
1001c487  xdc_runtime_Error_policySpin__E                                           
1001c489  xdc_runtime_Memory_alloc__E                                               
1001c4f9  xdc_runtime_Core_deleteObject__I                                          
1001c559  xdc_runtime_Startup_exec__E                                               
1001c5a9  xdc_runtime_Assert_raise__I                                               
1001c5f1  xdc_runtime_Core_assignParams__I                                          
1001c639  xdc_runtime_Core_constructObject__I                                       
1001c681  xdc_runtime_System_atexit__E                                              
1001c6b9  xdc_runtime_System_processAtExit__E                                       
1001c6ed  xdc_runtime_Core_assignLabel__I                                           
1001c71d  xdc_runtime_Text_cordText__E                                              
1001c749  xdc_runtime_System_abort__E                                               
1001c769  xdc_runtime_Error_raiseX__E                                               
1001c785  xdc_runtime_Memory_valloc__E                                              
1001c7a1  xdc_runtime_Core_destructObject__I                                        
1001c7b9  xdc_runtime_Error_check__E                                                
1001c7d1  xdc_runtime_System_exit__E                                                
1001c7e9  xdc_runtime_Text_ropeText__E                                              
1001c801  xdc_runtime_Memory_free__E                                                
1001c811  xdc_runtime_SysCallback_abort__E                                          
1001c821  xdc_runtime_SysCallback_exit__E                                           
1001c831  xdc_runtime_Timestamp_SupportProxy_get32__E                               
1001c831  xdc_runtime_Timestamp_get32__E                                            
1001c841  xdc_runtime_Error_init__E                                                 
1001c84d  xdc_runtime_Memory_calloc__E                                              
1001c859  xdc_runtime_Memory_getMaxDefaultTypeAlign__E                              
1001c879  xdc_runtime_Gate_leaveSystem__E                                           
1001c87f  xdc_runtime_System_Module_startup__E                                      
1001c885  xdc_runtime_Gate_enterSystem__E                                           
1001c889  xdc_runtime_Memory_HeapProxy_alloc__E                                     
1001c88d  xdc_runtime_Memory_HeapProxy_free__E                                      
1001c891  xdc_runtime_System_Module_GateProxy_enter__E                              
1001c895  xdc_runtime_System_Module_GateProxy_leave__E                              
1001c899  xdc_runtime_System_abortSpin__E                                           
1001c89b  xdc_runtime_System_exitSpin__E                                            
1001c89d  ti_sysbios_family_arm_m3_Hwi_dispatch__I                                  
1001c96d  ti_sysbios_family_arm_m3_TaskSupport_buildTaskStack                       
1001c9b9  ti_sysbios_family_arm_m3_Hwi_initStacks__E                                
1001ca01  ti_sysbios_family_arm_m3_Hwi_excHandlerAsm__I                             
1001ca21  ti_sysbios_family_xxx_Hwi_switchAndRunFunc                                
1001ca3f  ti_sysbios_family_arm_m3_Hwi_pendSV__I                                    
1001ca57  ti_sysbios_family_arm_m3_Hwi_return                                       
1001ca59  ti_sysbios_family_arm_m3_TaskSupport_glue                                 
1001ca69  ti_sysbios_family_arm_m3_TaskSupport_swap__E                              
1001ca71  ti_sysbios_knl_Task_swapReturn                                            
1001ca9b  ti_sysbios_rom_cortexm_cc26xx_CC26xx_getRevision__E                       
20000000  ti_sysbios_family_arm_m3_Hwi_ramVectors                                   
20000100  ti_sysbios_knl_Task_Module__state__V                                      
20000144  ti_sysbios_family_arm_m3_Hwi_Module__state__V                             
20000178  ti_sysbios_knl_Clock_Module__state__V                                     
200001a4  ti_sysbios_BIOS_Module__state__V                                          
200001c8  ti_sysbios_knl_Swi_Module__state__V                                       
200001e4  ti_sysbios_family_arm_cc26xx_Timer_Module__state__V                       
200001ec  ti_sysbios_family_arm_cc26xx_TimestampProvider_Module__state__V           
200001f0  xdc_runtime_Startup_Module__state__V                                      
200001f8  xdc_runtime_System_Module__state__V                                       
20000200  xdc_runtime_Memory_Module__state__V                                       
20000dc0  ti_sysbios_heaps_HeapMem_Instance_State_0_buf__A                          
20001440  ti_sysbios_knl_Task_Instance_State_0_stack__A                             
20001640  uartCC26XXObjects                                                         
20001710  ti_sysbios_family_arm_m3_Hwi_dispatchTable                                
200017d8  PIN_HandleTable                                                           
200018e4  PIN_NumPins                                                               
200018f0  driverlib_release_0_43243                                                 
200018f8  uartLog_tail                                                              
200018f9  uartLog_head                                                              
200018fa  uartLog_evBufIsEmpty                                                      
200018fc  uartLog_evtNum                                                            
20001904  uartLog_outBuf                                                            
200019b0  uartLog_evBuf                                                             
20001f14  ledPinTable                                                               
20001f20  buttonPinTable                                                            
20001ff4  przTask                                                                   
20002044  przTaskStack                                                              
20002364  linkDBNumConns                                                            
20002478  gapRoleTask                                                               
200024c8  gapRoleTaskStack                                                          
20002950  ICall_dispatcher                                                          
20002958  ICall_enterCriticalSection                                                
2000295c  ICall_leaveCriticalSection                                                
20002a60  ti_sysbios_family_arm_cc26xx_Power_Module__state__V                       
20002b2c  TSK_idle                                                                  
20002b2c  ti_sysbios_knl_Task_Object__table__V                                      
20002b78  ti_sysbios_family_arm_cc26xx_Timer_Object__table__V                       
20002bc0  ti_sysbios_gates_GateMutex_Object__table__V                               
20002bf8  rfRegTbl                                                                  
20002c2c  ti_sysbios_family_arm_m3_Hwi_Object__table__V                             
20002c5c  ti_sysbios_knl_Swi_Module_State_0_readyQ__A                               
20002c8c  ti_sysbios_knl_Swi_Object__table__V                                       
20002cbc  ti_sysbios_knl_Task_Module_State_0_readyQ__A                              
20002d08  user0Cfg                                                                  
20002d24  ti_sysbios_heaps_HeapMem_Object__table__V                                 
20002d3c  ti_sysbios_family_arm_cc26xx_Power_refCount                               
20002d50  xdc_runtime_LoggerCallback_Object__table__V                               
20002d60  __TI_cleanup_ptr                                                          
20002d64  __TI_dtors_ptr                                                            
20002d68  __TI_enable_exit_profile_output                                           
20002d6c  lastAppOpcodeSent                                                         
20002d70  pfnBMAlloc                                                                
20002d74  pfnBMFree                                                                 
20002d78  ti_sysbios_family_arm_cc26xx_Power_resourceHandlers                       
20002d90  _lock                                                                     
20002d94  _unlock                                                                   
20002da0  ti_sysbios_family_arm_m3_Hwi_Module__root__V                              
20002da8  ti_sysbios_gates_GateHwi_Module__root__V                                  
20002db0  ti_sysbios_gates_GateMutex_Module__root__V                                
20002db8  ti_sysbios_hal_Hwi_Module__root__V                                        
20002dc0  ti_sysbios_heaps_HeapMem_Module__root__V                                  
20002dc8  ti_sysbios_knl_Clock_Module__root__V                                      
20002dd0  ti_sysbios_knl_Mailbox_Module__root__V                                    
20002dd8  ti_sysbios_knl_Queue_Module__root__V                                      
20002de0  ti_sysbios_knl_Semaphore_Module__root__V                                  
20002de8  ti_sysbios_knl_Swi_Module__root__V                                        
20002df0  ti_sysbios_knl_Task_Module__root__V                                       
20002df8  xdc_runtime_LoggerCallback_Module__root__V                                
20002e00  xdc_runtime_Registry_Module__state__V                                     
20002e08  ti_sysbios_family_arm_cc26xx_Power_constraintCounts                       
20002e10  main_func_sp                                                              
20002e14  ti_sysbios_family_arm_m3_Hwi_Module_State_0_excContext__A                 
20002e18  ti_sysbios_family_arm_m3_Hwi_Module_State_0_excStack__A                   
20002e1c  ti_sysbios_knl_Task_Module_State_0_idleTask__A                            
20002e22  ti_sysbios_family_arm_m3_Hwi_Module_State_0_excActive__A                  
20003fe4  __stack                                                                   
200043e4  __STACK_END                                                               
200043e4  __STACK_TOP                                                               
e000e000  ti_sysbios_family_arm_m3_Hwi_nvic                                         
ffffffff  __TI_pprof_out_hndl                                                       
ffffffff  __TI_prof_data_size                                                       
ffffffff  __TI_prof_data_start                                                      
ffffffff  __binit__                                                                 
ffffffff  __c_args__                                                                
ffffffff  binit                                                                     
UNDEFED   SHT$$INIT_ARRAY$$Base                                                     
UNDEFED   SHT$$INIT_ARRAY$$Limit                                                    
UNDEFED   ti_sysbios_BIOS_RtsGateProxy_Handle__label__S__mangled__                  
UNDEFED   ti_sysbios_BIOS_RtsGateProxy_Object__delete__S__mangled__                 
UNDEFED   ti_sysbios_BIOS_RtsGateProxy_Params__init__S__mangled__                   
UNDEFED   ti_sysbios_BIOS_RtsGateProxy_query__E__mangled__                          
UNDEFED   ti_sysbios_hal_Hwi_HwiProxy_Module__startupDone__S__mangled__             
UNDEFED   ti_sysbios_hal_Hwi_HwiProxy_Object__delete__S__mangled__                  
UNDEFED   ti_sysbios_hal_Hwi_HwiProxy_Params__init__S__mangled__                    
UNDEFED   ti_sysbios_hal_Hwi_HwiProxy_disableInterrupt__E__mangled__                
UNDEFED   ti_sysbios_hal_Hwi_HwiProxy_enableInterrupt__E__mangled__                 
UNDEFED   ti_sysbios_hal_Hwi_HwiProxy_getStackInfo__E__mangled__                    
UNDEFED   ti_sysbios_hal_Hwi_HwiProxy_startup__E__mangled__                         
UNDEFED   ti_sysbios_hal_Hwi_HwiProxy_switchFromBootStack__E__mangled__             
UNDEFED   ti_sysbios_hal_Hwi_disableInterrupt__E__mangled__                         
UNDEFED   ti_sysbios_hal_Hwi_enableInterrupt__E__mangled__                          
UNDEFED   ti_sysbios_hal_Hwi_getStackInfo__E__mangled__                             
UNDEFED   ti_sysbios_hal_Hwi_startup__E__mangled__                                  
UNDEFED   ti_sysbios_hal_Hwi_switchFromBootStack__E__mangled__                      
UNDEFED   ti_sysbios_heaps_HeapMem_Module_GateProxy_Handle__label__S__mangled__     
UNDEFED   ti_sysbios_heaps_HeapMem_Module_GateProxy_Object__delete__S__mangled__    
UNDEFED   ti_sysbios_heaps_HeapMem_Module_GateProxy_Params__init__S__mangled__      
UNDEFED   ti_sysbios_heaps_HeapMem_Module_GateProxy_query__E__mangled__             
UNDEFED   ti_sysbios_knl_Clock_TimerProxy_Module__startupDone__S__mangled__         
UNDEFED   ti_sysbios_knl_Clock_TimerProxy_startup__E__mangled__                     
UNDEFED   ti_sysbios_knl_Task_SupportProxy_Module__startupDone__S__mangled__        
UNDEFED   ti_sysbios_knl_Task_SupportProxy_getStackAlignment__E__mangled__          
UNDEFED   ti_sysbios_knl_Task_SupportProxy_start__E__mangled__                      
UNDEFED   ti_sysbios_knl_Task_SupportProxy_swap__E__mangled__                       
UNDEFED   xdc_runtime_Main_Module_GateProxy_Handle__label__S                        
UNDEFED   xdc_runtime_Main_Module_GateProxy_Object__delete__S                       
UNDEFED   xdc_runtime_Main_Module_GateProxy_query__E                                
UNDEFED   xdc_runtime_Memory_HeapProxy_Handle__label__S__mangled__                  
UNDEFED   xdc_runtime_Memory_HeapProxy_Object__delete__S__mangled__                 
UNDEFED   xdc_runtime_System_Module_GateProxy_Handle__label__S__mangled__           
UNDEFED   xdc_runtime_System_Module_GateProxy_Object__delete__S__mangled__          
UNDEFED   xdc_runtime_System_Module_GateProxy_query__E__mangled__                   
UNDEFED   xdc_runtime_System_SupportProxy_abort__E                                  
UNDEFED   xdc_runtime_System_SupportProxy_exit__E                                   
UNDEFED   xdc_runtime_Timestamp_SupportProxy_get64__E__mangled__                    
UNDEFED   xdc_runtime_Timestamp_SupportProxy_getFreq__E__mangled__                  
UNDEFED   xdc_runtime_Timestamp_get32__E__mangled__                                 
UNDEFED   xdc_runtime_Timestamp_get64__E__mangled__                                 
UNDEFED   xdc_runtime_Timestamp_getFreq__E__mangled__                               

[862 symbols]
